2025-09-22T19:45:12.833069+05:30 localhost kernel: [    T0] Linux version 6.16.3-1-default (geeko@buildhost) (gcc (SUSE Linux) 15.1.1 20250801, GNU ld (GNU Binutils; openSUSE Tumbleweed) 2.43.1.20241209-10) #1 SMP PREEMPT_DYNAMIC Tue Aug 26 05:31:27 UTC 2025 (b954ff4)
2025-09-22T19:45:12.839855+05:30 localhost kernel: [    T0] Command line: BOOT_IMAGE=/boot/vmlinuz-6.16.3-1-default root=UUID=ed93da69-6810-4047-b418-d8501c7b41fb splash=silent mitigations=auto quiet security=selinux selinux=1
2025-09-22T19:45:12.839865+05:30 localhost kernel: [    T0] x86 CPU feature dependency check failure: CPU0 has '18*32+31' enabled but '18*32+26' disabled. Kernel might be fine, but no guarantees.
2025-09-22T19:45:12.839867+05:30 localhost kernel: [    T0] BIOS-provided physical RAM map:
2025-09-22T19:45:12.839867+05:30 localhost kernel: [    T0] BIOS-e820: [mem 0x0000000000000000-0x000000000009fbff] usable
2025-09-22T19:45:12.839868+05:30 localhost kernel: [    T0] BIOS-e820: [mem 0x000000000009fc00-0x000000000009ffff] reserved
2025-09-22T19:45:12.839872+05:30 localhost kernel: [    T0] BIOS-e820: [mem 0x00000000000f0000-0x00000000000fffff] reserved
2025-09-22T19:45:12.839873+05:30 localhost kernel: [    T0] BIOS-e820: [mem 0x0000000000100000-0x000000007ffdbfff] usable
2025-09-22T19:45:12.839874+05:30 localhost kernel: [    T0] BIOS-e820: [mem 0x000000007ffdc000-0x000000007fffffff] reserved
2025-09-22T19:45:12.839874+05:30 localhost kernel: [    T0] BIOS-e820: [mem 0x00000000b0000000-0x00000000bfffffff] reserved
2025-09-22T19:45:12.839879+05:30 localhost kernel: [    T0] BIOS-e820: [mem 0x00000000fed1c000-0x00000000fed1ffff] reserved
2025-09-22T19:45:12.839879+05:30 localhost kernel: [    T0] BIOS-e820: [mem 0x00000000feffc000-0x00000000feffffff] reserved
2025-09-22T19:45:12.839883+05:30 localhost kernel: [    T0] BIOS-e820: [mem 0x00000000fffc0000-0x00000000ffffffff] reserved
2025-09-22T19:45:12.839884+05:30 localhost kernel: [    T0] BIOS-e820: [mem 0x0000000100000000-0x000000017fffffff] usable
2025-09-22T19:45:12.839885+05:30 localhost kernel: [    T0] BIOS-e820: [mem 0x000000fd00000000-0x000000ffffffffff] reserved
2025-09-22T19:45:12.839885+05:30 localhost kernel: [    T0] NX (Execute Disable) protection: active
2025-09-22T19:45:12.839886+05:30 localhost kernel: [    T0] APIC: Static calls initialized
2025-09-22T19:45:12.839886+05:30 localhost kernel: [    T0] SMBIOS 2.8 present.
2025-09-22T19:45:12.839887+05:30 localhost kernel: [    T0] DMI: QEMU Standard PC (Q35 + ICH9, 2009), BIOS 1.17.0-5.fc42 04/01/2014
2025-09-22T19:45:12.839888+05:30 localhost kernel: [    T0] DMI: Memory slots populated: 1/1
2025-09-22T19:45:12.839889+05:30 localhost kernel: [    T0] Hypervisor detected: KVM
2025-09-22T19:45:12.839890+05:30 localhost kernel: [    T0] kvm-clock: Using msrs 4b564d01 and 4b564d00
2025-09-22T19:45:12.839890+05:30 localhost kernel: [    T0] kvm-clock: using sched offset of 3460775766035 cycles
2025-09-22T19:45:12.839891+05:30 localhost kernel: [    T0] clocksource: kvm-clock: mask: 0xffffffffffffffff max_cycles: 0x1cd42e4dffb, max_idle_ns: 881590591483 ns
2025-09-22T19:45:12.839891+05:30 localhost kernel: [    T0] tsc: Detected 2096.070 MHz processor
2025-09-22T19:45:12.839893+05:30 localhost kernel: [    T0] e820: update [mem 0x00000000-0x00000fff] usable ==> reserved
2025-09-22T19:45:12.839893+05:30 localhost kernel: [    T0] e820: remove [mem 0x000a0000-0x000fffff] usable
2025-09-22T19:45:12.839894+05:30 localhost kernel: [    T0] last_pfn = 0x180000 max_arch_pfn = 0x400000000
2025-09-22T19:45:12.839895+05:30 localhost kernel: [    T0] MTRR map: 4 entries (3 fixed + 1 variable; max 19), built from 8 variable MTRRs
2025-09-22T19:45:12.839895+05:30 localhost kernel: [    T0] x86/PAT: Configuration [0-7]: WB  WC  UC- UC  WB  WP  UC- WT  
2025-09-22T19:45:12.839896+05:30 localhost kernel: [    T0] last_pfn = 0x7ffdc max_arch_pfn = 0x400000000
2025-09-22T19:45:12.839897+05:30 localhost kernel: [    T0] found SMP MP-table at [mem 0x000f5430-0x000f543f]
2025-09-22T19:45:12.839898+05:30 localhost kernel: [    T0] Using GB pages for direct mapping
2025-09-22T19:45:12.839898+05:30 localhost kernel: [    T0] RAMDISK: [mem 0x344c1000-0x36257fff]
2025-09-22T19:45:12.839899+05:30 localhost kernel: [    T0] ACPI: Early table checksum verification disabled
2025-09-22T19:45:12.839899+05:30 localhost kernel: [    T0] ACPI: RSDP 0x00000000000F5210 000014 (v00 BOCHS )
2025-09-22T19:45:12.839900+05:30 localhost kernel: [    T0] ACPI: RSDT 0x000000007FFE2C7A 000034 (v01 BOCHS  BXPC     00000001 BXPC 00000001)
2025-09-22T19:45:12.839900+05:30 localhost kernel: [    T0] ACPI: FACP 0x000000007FFE2AA2 0000F4 (v03 BOCHS  BXPC     00000001 BXPC 00000001)
2025-09-22T19:45:12.839902+05:30 localhost kernel: [    T0] ACPI: DSDT 0x000000007FFE0040 002A62 (v01 BOCHS  BXPC     00000001 BXPC 00000001)
2025-09-22T19:45:12.839902+05:30 localhost kernel: [    T0] ACPI: FACS 0x000000007FFE0000 000040
2025-09-22T19:45:12.839903+05:30 localhost kernel: [    T0] ACPI: APIC 0x000000007FFE2B96 000080 (v03 BOCHS  BXPC     00000001 BXPC 00000001)
2025-09-22T19:45:12.839903+05:30 localhost kernel: [    T0] ACPI: MCFG 0x000000007FFE2C16 00003C (v01 BOCHS  BXPC     00000001 BXPC 00000001)
2025-09-22T19:45:12.839904+05:30 localhost kernel: [    T0] ACPI: WAET 0x000000007FFE2C52 000028 (v01 BOCHS  BXPC     00000001 BXPC 00000001)
2025-09-22T19:45:12.839904+05:30 localhost kernel: [    T0] ACPI: Reserving FACP table memory at [mem 0x7ffe2aa2-0x7ffe2b95]
2025-09-22T19:45:12.839906+05:30 localhost kernel: [    T0] ACPI: Reserving DSDT table memory at [mem 0x7ffe0040-0x7ffe2aa1]
2025-09-22T19:45:12.839906+05:30 localhost kernel: [    T0] ACPI: Reserving FACS table memory at [mem 0x7ffe0000-0x7ffe003f]
2025-09-22T19:45:12.839907+05:30 localhost kernel: [    T0] ACPI: Reserving APIC table memory at [mem 0x7ffe2b96-0x7ffe2c15]
2025-09-22T19:45:12.839907+05:30 localhost kernel: [    T0] ACPI: Reserving MCFG table memory at [mem 0x7ffe2c16-0x7ffe2c51]
2025-09-22T19:45:12.839908+05:30 localhost kernel: [    T0] ACPI: Reserving WAET table memory at [mem 0x7ffe2c52-0x7ffe2c79]
2025-09-22T19:45:12.839908+05:30 localhost kernel: [    T0] No NUMA configuration found
2025-09-22T19:45:12.839909+05:30 localhost kernel: [    T0] Faking a node at [mem 0x0000000000000000-0x000000017fffffff]
2025-09-22T19:45:12.839911+05:30 localhost kernel: [    T0] NODE_DATA(0) allocated [mem 0x17ffd3280-0x17fffdfff]
2025-09-22T19:45:12.839911+05:30 localhost kernel: [    T0] Zone ranges:
2025-09-22T19:45:12.839912+05:30 localhost kernel: [    T0]   DMA      [mem 0x0000000000001000-0x0000000000ffffff]
2025-09-22T19:45:12.839912+05:30 localhost kernel: [    T0]   DMA32    [mem 0x0000000001000000-0x00000000ffffffff]
2025-09-22T19:45:12.839913+05:30 localhost kernel: [    T0]   Normal   [mem 0x0000000100000000-0x000000017fffffff]
2025-09-22T19:45:12.839913+05:30 localhost kernel: [    T0]   Device   empty
2025-09-22T19:45:12.839915+05:30 localhost kernel: [    T0] Movable zone start for each node
2025-09-22T19:45:12.839915+05:30 localhost kernel: [    T0] Early memory node ranges
2025-09-22T19:45:12.839916+05:30 localhost kernel: [    T0]   node   0: [mem 0x0000000000001000-0x000000000009efff]
2025-09-22T19:45:12.839916+05:30 localhost kernel: [    T0]   node   0: [mem 0x0000000000100000-0x000000007ffdbfff]
2025-09-22T19:45:12.839917+05:30 localhost kernel: [    T0]   node   0: [mem 0x0000000100000000-0x000000017fffffff]
2025-09-22T19:45:12.839917+05:30 localhost kernel: [    T0] Initmem setup node 0 [mem 0x0000000000001000-0x000000017fffffff]
2025-09-22T19:45:12.839919+05:30 localhost kernel: [    T0] On node 0, zone DMA: 1 pages in unavailable ranges
2025-09-22T19:45:12.839919+05:30 localhost kernel: [    T0] On node 0, zone DMA: 97 pages in unavailable ranges
2025-09-22T19:45:12.839920+05:30 localhost kernel: [    T0] On node 0, zone Normal: 36 pages in unavailable ranges
2025-09-22T19:45:12.839920+05:30 localhost kernel: [    T0] ACPI: PM-Timer IO Port: 0x608
2025-09-22T19:45:12.839921+05:30 localhost kernel: [    T0] ACPI: LAPIC_NMI (acpi_id[0xff] dfl dfl lint[0x1])
2025-09-22T19:45:12.839921+05:30 localhost kernel: [    T0] IOAPIC[0]: apic_id 0, version 17, address 0xfec00000, GSI 0-23
2025-09-22T19:45:12.839922+05:30 localhost kernel: [    T0] ACPI: INT_SRC_OVR (bus 0 bus_irq 0 global_irq 2 dfl dfl)
2025-09-22T19:45:12.839923+05:30 localhost kernel: [    T0] ACPI: INT_SRC_OVR (bus 0 bus_irq 5 global_irq 5 high level)
2025-09-22T19:45:12.839924+05:30 localhost kernel: [    T0] ACPI: INT_SRC_OVR (bus 0 bus_irq 9 global_irq 9 high level)
2025-09-22T19:45:12.839924+05:30 localhost kernel: [    T0] ACPI: INT_SRC_OVR (bus 0 bus_irq 10 global_irq 10 high level)
2025-09-22T19:45:12.839925+05:30 localhost kernel: [    T0] ACPI: INT_SRC_OVR (bus 0 bus_irq 11 global_irq 11 high level)
2025-09-22T19:45:12.839925+05:30 localhost kernel: [    T0] ACPI: Using ACPI (MADT) for SMP configuration information
2025-09-22T19:45:12.839926+05:30 localhost kernel: [    T0] TSC deadline timer available
2025-09-22T19:45:12.839927+05:30 localhost kernel: [    T0] CPU topo: Max. logical packages:   2
2025-09-22T19:45:12.839928+05:30 localhost kernel: [    T0] CPU topo: Max. logical dies:       2
2025-09-22T19:45:12.839929+05:30 localhost kernel: [    T0] CPU topo: Max. dies per package:   1
2025-09-22T19:45:12.839929+05:30 localhost kernel: [    T0] CPU topo: Max. threads per core:   1
2025-09-22T19:45:12.839930+05:30 localhost kernel: [    T0] CPU topo: Num. cores per package:     1
2025-09-22T19:45:12.839930+05:30 localhost kernel: [    T0] CPU topo: Num. threads per package:   1
2025-09-22T19:45:12.839931+05:30 localhost kernel: [    T0] CPU topo: Allowing 2 present CPUs plus 0 hotplug CPUs
2025-09-22T19:45:12.839932+05:30 localhost kernel: [    T0] kvm-guest: APIC: eoi() replaced with kvm_guest_apic_eoi_write()
2025-09-22T19:45:12.839933+05:30 localhost kernel: [    T0] kvm-guest: KVM setup pv remote TLB flush
2025-09-22T19:45:12.839933+05:30 localhost kernel: [    T0] kvm-guest: setup PV sched yield
2025-09-22T19:45:12.839934+05:30 localhost kernel: [    T0] PM: hibernation: Registered nosave memory: [mem 0x00000000-0x00000fff]
2025-09-22T19:45:12.839934+05:30 localhost kernel: [    T0] PM: hibernation: Registered nosave memory: [mem 0x0009f000-0x000fffff]
2025-09-22T19:45:12.839935+05:30 localhost kernel: [    T0] PM: hibernation: Registered nosave memory: [mem 0x7ffdc000-0xffffffff]
2025-09-22T19:45:12.839936+05:30 localhost kernel: [    T0] [mem 0xc0000000-0xfed1bfff] available for PCI devices
2025-09-22T19:45:12.839937+05:30 localhost kernel: [    T0] Booting paravirtualized kernel on KVM
2025-09-22T19:45:12.839937+05:30 localhost kernel: [    T0] clocksource: refined-jiffies: mask: 0xffffffff max_cycles: 0xffffffff, max_idle_ns: 1910969940391419 ns
2025-09-22T19:45:12.839938+05:30 localhost kernel: [    T0] setup_percpu: NR_CPUS:8192 nr_cpumask_bits:2 nr_cpu_ids:2 nr_node_ids:1
2025-09-22T19:45:12.839938+05:30 localhost kernel: [    T0] percpu: Embedded 86 pages/cpu s229376 r8192 d114688 u1048576
2025-09-22T19:45:12.839939+05:30 localhost kernel: [    T0] pcpu-alloc: s229376 r8192 d114688 u1048576 alloc=1*2097152
2025-09-22T19:45:12.839940+05:30 localhost kernel: [    T0] pcpu-alloc: [0] 0 1 
2025-09-22T19:45:12.839984+05:30 localhost kernel: [    T0] kvm-guest: PV spinlocks enabled
2025-09-22T19:45:12.839984+05:30 localhost kernel: [    T0] PV qspinlock hash table entries: 256 (order: 0, 4096 bytes, linear)
2025-09-22T19:45:12.839985+05:30 localhost kernel: [    T0] Kernel command line: BOOT_IMAGE=/boot/vmlinuz-6.16.3-1-default root=UUID=ed93da69-6810-4047-b418-d8501c7b41fb splash=silent mitigations=auto quiet security=selinux selinux=1
2025-09-22T19:45:12.839986+05:30 localhost kernel: [    T0] Unknown kernel command line parameters "BOOT_IMAGE=/boot/vmlinuz-6.16.3-1-default splash=silent", will be passed to user space.
2025-09-22T19:45:12.839986+05:30 localhost kernel: [    T0] random: crng init done
2025-09-22T19:45:12.839987+05:30 localhost kernel: [    T0] printk: log buffer data + meta data: 262144 + 917504 = 1179648 bytes
2025-09-22T19:45:12.839988+05:30 localhost kernel: [    T0] Dentry cache hash table entries: 524288 (order: 10, 4194304 bytes, linear)
2025-09-22T19:45:12.839989+05:30 localhost kernel: [    T0] Inode-cache hash table entries: 262144 (order: 9, 2097152 bytes, linear)
2025-09-22T19:45:12.839989+05:30 localhost kernel: [    T0] software IO TLB: area num 2.
2025-09-22T19:45:12.839990+05:30 localhost kernel: [    T0] Fallback order for Node 0: 0 
2025-09-22T19:45:12.839990+05:30 localhost kernel: [    T0] Built 1 zonelists, mobility grouping on.  Total pages: 1048442
2025-09-22T19:45:12.839991+05:30 localhost kernel: [    T0] Policy zone: Normal
2025-09-22T19:45:12.839992+05:30 localhost kernel: [    T0] mem auto-init: stack:off, heap alloc:off, heap free:off
2025-09-22T19:45:12.839993+05:30 localhost kernel: [    T0] SLUB: HWalign=64, Order=0-3, MinObjects=0, CPUs=2, Nodes=1
2025-09-22T19:45:12.839993+05:30 localhost kernel: [    T0] ftrace: allocating 49653 entries in 196 pages
2025-09-22T19:45:12.839994+05:30 localhost kernel: [    T0] ftrace: allocated 196 pages with 3 groups
2025-09-22T19:45:12.839994+05:30 localhost kernel: [    T0] Dynamic Preempt: voluntary
2025-09-22T19:45:12.839995+05:30 localhost kernel: [    T0] rcu: Preemptible hierarchical RCU implementation.
2025-09-22T19:45:12.839996+05:30 localhost kernel: [    T0] rcu: 	RCU event tracing is enabled.
2025-09-22T19:45:12.839997+05:30 localhost kernel: [    T0] rcu: 	RCU restricting CPUs from NR_CPUS=8192 to nr_cpu_ids=2.
2025-09-22T19:45:12.839997+05:30 localhost kernel: [    T0] 	Trampoline variant of Tasks RCU enabled.
2025-09-22T19:45:12.839998+05:30 localhost kernel: [    T0] 	Rude variant of Tasks RCU enabled.
2025-09-22T19:45:12.839998+05:30 localhost kernel: [    T0] 	Tracing variant of Tasks RCU enabled.
2025-09-22T19:45:12.839999+05:30 localhost kernel: [    T0] rcu: RCU calculated value of scheduler-enlistment delay is 100 jiffies.
2025-09-22T19:45:12.840000+05:30 localhost kernel: [    T0] rcu: Adjusting geometry for rcu_fanout_leaf=16, nr_cpu_ids=2
2025-09-22T19:45:12.840001+05:30 localhost kernel: [    T0] RCU Tasks: Setting shift to 1 and lim to 1 rcu_task_cb_adjust=1 rcu_task_cpu_ids=2.
2025-09-22T19:45:12.840001+05:30 localhost kernel: [    T0] RCU Tasks Rude: Setting shift to 1 and lim to 1 rcu_task_cb_adjust=1 rcu_task_cpu_ids=2.
2025-09-22T19:45:12.840002+05:30 localhost kernel: [    T0] RCU Tasks Trace: Setting shift to 1 and lim to 1 rcu_task_cb_adjust=1 rcu_task_cpu_ids=2.
2025-09-22T19:45:12.840002+05:30 localhost kernel: [    T0] NR_IRQS: 524544, nr_irqs: 440, preallocated irqs: 16
2025-09-22T19:45:12.840003+05:30 localhost kernel: [    T0] rcu: srcu_init: Setting srcu_struct sizes based on contention.
2025-09-22T19:45:12.840003+05:30 localhost kernel: [    T0] Console: colour dummy device 80x25
2025-09-22T19:45:12.840005+05:30 localhost kernel: [    T0] printk: legacy console [tty0] enabled
2025-09-22T19:45:12.840005+05:30 localhost kernel: [    T0] ACPI: Core revision 20250404
2025-09-22T19:45:12.840006+05:30 localhost kernel: [    T0] APIC: Switch to symmetric I/O mode setup
2025-09-22T19:45:12.840007+05:30 localhost kernel: [    T0] x2apic enabled
2025-09-22T19:45:12.840007+05:30 localhost kernel: [    T0] APIC: Switched APIC routing to: physical x2apic
2025-09-22T19:45:12.840008+05:30 localhost kernel: [    T0] kvm-guest: APIC: send_IPI_mask() replaced with kvm_send_ipi_mask()
2025-09-22T19:45:12.840009+05:30 localhost kernel: [    T0] kvm-guest: APIC: send_IPI_mask_allbutself() replaced with kvm_send_ipi_mask_allbutself()
2025-09-22T19:45:12.840010+05:30 localhost kernel: [    T0] kvm-guest: setup PV IPIs
2025-09-22T19:45:12.840010+05:30 localhost kernel: [    T0] tsc: Marking TSC unstable due to TSCs unsynchronized
2025-09-22T19:45:12.840011+05:30 localhost kernel: [    T0] Calibrating delay loop (skipped) preset value.. 4192.14 BogoMIPS (lpj=2096070)
2025-09-22T19:45:12.840011+05:30 localhost kernel: [    T0] x86/cpu: User Mode Instruction Prevention (UMIP) activated
2025-09-22T19:45:12.840012+05:30 localhost kernel: [    T0] Last level iTLB entries: 4KB 512, 2MB 255, 4MB 127
2025-09-22T19:45:12.840012+05:30 localhost kernel: [    T0] Last level dTLB entries: 4KB 512, 2MB 255, 4MB 127, 1GB 0
2025-09-22T19:45:12.840014+05:30 localhost kernel: [    T0] Speculative Store Bypass: Mitigation: Speculative Store Bypass disabled via prctl
2025-09-22T19:45:12.840014+05:30 localhost kernel: [    T0] Spectre V2 : Mitigation: Retpolines
2025-09-22T19:45:12.840015+05:30 localhost kernel: [    T0] RETBleed: Mitigation: untrained return thunk
2025-09-22T19:45:12.840015+05:30 localhost kernel: [    T0] Spectre V1 : Mitigation: usercopy/swapgs barriers and __user pointer sanitization
2025-09-22T19:45:12.840016+05:30 localhost kernel: [    T0] Spectre V2 : Spectre v2 / SpectreRSB: Filling RSB on context switch and VMEXIT
2025-09-22T19:45:12.840016+05:30 localhost kernel: [    T0] Spectre V2 : Enabling Speculation Barrier for firmware calls
2025-09-22T19:45:12.840018+05:30 localhost kernel: [    T0] active return thunk: retbleed_return_thunk
2025-09-22T19:45:12.840018+05:30 localhost kernel: [    T0] Spectre V2 : mitigation: Enabling conditional Indirect Branch Prediction Barrier
2025-09-22T19:45:12.840019+05:30 localhost kernel: [    T0] x86/fpu: Supporting XSAVE feature 0x001: 'x87 floating point registers'
2025-09-22T19:45:12.840019+05:30 localhost kernel: [    T0] x86/fpu: Supporting XSAVE feature 0x002: 'SSE registers'
2025-09-22T19:45:12.840020+05:30 localhost kernel: [    T0] x86/fpu: Supporting XSAVE feature 0x004: 'AVX registers'
2025-09-22T19:45:12.840020+05:30 localhost kernel: [    T0] x86/fpu: xstate_offset[2]:  576, xstate_sizes[2]:  256
2025-09-22T19:45:12.840022+05:30 localhost kernel: [    T0] x86/fpu: Enabled xstate features 0x7, context size is 832 bytes, using 'compacted' format.
2025-09-22T19:45:12.840023+05:30 localhost kernel: [    T0] Freeing SMP alternatives memory: 44K
2025-09-22T19:45:12.840023+05:30 localhost kernel: [    T0] pid_max: default: 32768 minimum: 301
2025-09-22T19:45:12.840024+05:30 localhost kernel: [    T0] LSM: initializing lsm=lockdown,capability,landlock,yama,selinux,bpf,ima,evm
2025-09-22T19:45:12.840024+05:30 localhost kernel: [    T0] landlock: Up and running.
2025-09-22T19:45:12.840025+05:30 localhost kernel: [    T0] Yama: becoming mindful.
2025-09-22T19:45:12.840025+05:30 localhost kernel: [    T0] SELinux:  Initializing.
2025-09-22T19:45:12.840027+05:30 localhost kernel: [    T0] LSM support for eBPF active
2025-09-22T19:45:12.840027+05:30 localhost kernel: [    T0] Mount-cache hash table entries: 8192 (order: 4, 65536 bytes, linear)
2025-09-22T19:45:12.840028+05:30 localhost kernel: [    T0] Mountpoint-cache hash table entries: 8192 (order: 4, 65536 bytes, linear)
2025-09-22T19:45:12.840028+05:30 localhost kernel: [    T1] smpboot: CPU0: AMD Ryzen 5 5500U with Radeon Graphics (family: 0x17, model: 0x68, stepping: 0x1)
2025-09-22T19:45:12.840029+05:30 localhost kernel: [    T1] Performance Events: Fam17h+ core perfctr, AMD PMU driver.
2025-09-22T19:45:12.840030+05:30 localhost kernel: [    T1] ... version:                0
2025-09-22T19:45:12.840031+05:30 localhost kernel: [    T1] ... bit width:              48
2025-09-22T19:45:12.840032+05:30 localhost kernel: [    T1] ... generic registers:      6
2025-09-22T19:45:12.840032+05:30 localhost kernel: [    T1] ... value mask:             0000ffffffffffff
2025-09-22T19:45:12.840033+05:30 localhost kernel: [    T1] ... max period:             00007fffffffffff
2025-09-22T19:45:12.840033+05:30 localhost kernel: [    T1] ... fixed-purpose events:   0
2025-09-22T19:45:12.840034+05:30 localhost kernel: [    T1] ... event mask:             000000000000003f
2025-09-22T19:45:12.840035+05:30 localhost kernel: [    T1] signal: max sigframe size: 1776
2025-09-22T19:45:12.840036+05:30 localhost kernel: [    T1] rcu: Hierarchical SRCU implementation.
2025-09-22T19:45:12.840036+05:30 localhost kernel: [    T1] rcu: 	Max phase no-delay instances is 400.
2025-09-22T19:45:12.840037+05:30 localhost kernel: [    T1] Timer migration: 1 hierarchy levels; 8 children per group; 1 crossnode level
2025-09-22T19:45:12.840037+05:30 localhost kernel: [    T1] smp: Bringing up secondary CPUs ...
2025-09-22T19:45:12.840038+05:30 localhost kernel: [    T1] smpboot: x86: Booting SMP configuration:
2025-09-22T19:45:12.840038+05:30 localhost kernel: [    T1] .... node  #0, CPUs:      #1
2025-09-22T19:45:12.840039+05:30 localhost kernel: [    T1] smp: Brought up 1 node, 2 CPUs
2025-09-22T19:45:12.840040+05:30 localhost kernel: [    T1] smpboot: Total of 2 processors activated (8384.28 BogoMIPS)
2025-09-22T19:45:12.840041+05:30 localhost kernel: [   T29] node 0 deferred pages initialised in 9ms
2025-09-22T19:45:12.840041+05:30 localhost kernel: [    T1] Memory: 3967312K/4193768K available (16912K kernel code, 3108K rwdata, 14228K rodata, 4584K init, 5740K bss, 221100K reserved, 0K cma-reserved)
2025-09-22T19:45:12.840042+05:30 localhost kernel: [    T1] devtmpfs: initialized
2025-09-22T19:45:12.840042+05:30 localhost kernel: [    T1] x86/mm: Memory block size: 128MB
2025-09-22T19:45:12.840044+05:30 localhost kernel: [    T1] clocksource: jiffies: mask: 0xffffffff max_cycles: 0xffffffff, max_idle_ns: 1911260446275000 ns
2025-09-22T19:45:12.840044+05:30 localhost kernel: [    T1] posixtimers hash table entries: 1024 (order: 2, 16384 bytes, linear)
2025-09-22T19:45:12.840045+05:30 localhost kernel: [    T1] futex hash table entries: 512 (32768 bytes on 1 NUMA nodes, total 32 KiB, linear).
2025-09-22T19:45:12.840045+05:30 localhost kernel: [    T1] pinctrl core: initialized pinctrl subsystem
2025-09-22T19:45:12.840046+05:30 localhost kernel: [    T1] PM: RTC time: 14:15:05, date: 2025-09-22
2025-09-22T19:45:12.840046+05:30 localhost kernel: [    T1] NET: Registered PF_NETLINK/PF_ROUTE protocol family
2025-09-22T19:45:12.840047+05:30 localhost kernel: [    T1] DMA: preallocated 512 KiB GFP_KERNEL pool for atomic allocations
2025-09-22T19:45:12.840048+05:30 localhost kernel: [    T1] DMA: preallocated 512 KiB GFP_KERNEL|GFP_DMA pool for atomic allocations
2025-09-22T19:45:12.840049+05:30 localhost kernel: [    T1] DMA: preallocated 512 KiB GFP_KERNEL|GFP_DMA32 pool for atomic allocations
2025-09-22T19:45:12.840049+05:30 localhost kernel: [    T1] audit: initializing netlink subsys (disabled)
2025-09-22T19:45:12.840050+05:30 localhost kernel: [   T36] audit: type=2000 audit(1758550505.330:1): state=initialized audit_enabled=0 res=1
2025-09-22T19:45:12.840084+05:30 localhost kernel: [    T1] thermal_sys: Registered thermal governor 'fair_share'
2025-09-22T19:45:12.840085+05:30 localhost kernel: [    T1] thermal_sys: Registered thermal governor 'bang_bang'
2025-09-22T19:45:12.840086+05:30 localhost kernel: [    T1] thermal_sys: Registered thermal governor 'step_wise'
2025-09-22T19:45:12.840086+05:30 localhost kernel: [    T1] thermal_sys: Registered thermal governor 'user_space'
2025-09-22T19:45:12.840087+05:30 localhost kernel: [    T1] cpuidle: using governor ladder
2025-09-22T19:45:12.840087+05:30 localhost kernel: [    T1] cpuidle: using governor menu
2025-09-22T19:45:12.840088+05:30 localhost kernel: [    T1] acpiphp: ACPI Hot Plug PCI Controller Driver version: 0.5
2025-09-22T19:45:12.840088+05:30 localhost kernel: [    T1] PCI: ECAM [mem 0xb0000000-0xbfffffff] (base 0xb0000000) for domain 0000 [bus 00-ff]
2025-09-22T19:45:12.840095+05:30 localhost kernel: [    T1] PCI: ECAM [mem 0xb0000000-0xbfffffff] reserved as E820 entry
2025-09-22T19:45:12.840096+05:30 localhost kernel: [    T1] PCI: Using configuration type 1 for base access
2025-09-22T19:45:12.840096+05:30 localhost kernel: [    T1] kprobes: kprobe jump-optimization is enabled. All kprobes are optimized if possible.
2025-09-22T19:45:12.840097+05:30 localhost kernel: [    T1] HugeTLB: allocation took 0ms with hugepage_allocation_threads=1
2025-09-22T19:45:12.840097+05:30 localhost kernel: [    T1] HugeTLB: registered 1.00 GiB page size, pre-allocated 0 pages
2025-09-22T19:45:12.840098+05:30 localhost kernel: [    T1] HugeTLB: 16380 KiB vmemmap can be freed for a 1.00 GiB page
2025-09-22T19:45:12.840101+05:30 localhost kernel: [    T1] HugeTLB: registered 2.00 MiB page size, pre-allocated 0 pages
2025-09-22T19:45:12.840102+05:30 localhost kernel: [    T1] HugeTLB: 28 KiB vmemmap can be freed for a 2.00 MiB page
2025-09-22T19:45:12.840103+05:30 localhost kernel: [    T1] ACPI: Added _OSI(Module Device)
2025-09-22T19:45:12.840103+05:30 localhost kernel: [    T1] ACPI: Added _OSI(Processor Device)
2025-09-22T19:45:12.840104+05:30 localhost kernel: [    T1] ACPI: Added _OSI(Processor Aggregator Device)
2025-09-22T19:45:12.840104+05:30 localhost kernel: [    T1] ACPI: 1 ACPI AML tables successfully acquired and loaded
2025-09-22T19:45:12.840105+05:30 localhost kernel: [    T1] ACPI: Interpreter enabled
2025-09-22T19:45:12.840107+05:30 localhost kernel: [    T1] ACPI: PM: (supports S0 S5)
2025-09-22T19:45:12.840107+05:30 localhost kernel: [    T1] ACPI: Using IOAPIC for interrupt routing
2025-09-22T19:45:12.840108+05:30 localhost kernel: [    T1] PCI: Using host bridge windows from ACPI; if necessary, use "pci=nocrs" and report a bug
2025-09-22T19:45:12.840108+05:30 localhost kernel: [    T1] PCI: Using E820 reservations for host bridge windows
2025-09-22T19:45:12.840109+05:30 localhost kernel: [    T1] ACPI: Enabled 2 GPEs in block 00 to 3F
2025-09-22T19:45:12.840109+05:30 localhost kernel: [    T1] ACPI: PCI Root Bridge [PCI0] (domain 0000 [bus 00-ff])
2025-09-22T19:45:12.840111+05:30 localhost kernel: [    T1] acpi PNP0A08:00: _OSC: OS supports [ExtendedConfig ASPM ClockPM Segments MSI EDR HPX-Type3]
2025-09-22T19:45:12.840112+05:30 localhost kernel: [    T1] acpi PNP0A08:00: _OSC: platform does not support [PCIeHotplug LTR DPC]
2025-09-22T19:45:12.840113+05:30 localhost kernel: [    T1] acpi PNP0A08:00: _OSC: OS now controls [SHPCHotplug PME AER PCIeCapability]
2025-09-22T19:45:12.840113+05:30 localhost kernel: [    T1] PCI host bridge to bus 0000:00
2025-09-22T19:45:12.840114+05:30 localhost kernel: [    T1] pci_bus 0000:00: root bus resource [io  0x0000-0x0cf7 window]
2025-09-22T19:45:12.840114+05:30 localhost kernel: [    T1] pci_bus 0000:00: root bus resource [io  0x0d00-0xffff window]
2025-09-22T19:45:12.840116+05:30 localhost kernel: [    T1] pci_bus 0000:00: root bus resource [mem 0x000a0000-0x000bffff window]
2025-09-22T19:45:12.840117+05:30 localhost kernel: [    T1] pci_bus 0000:00: root bus resource [mem 0x80000000-0xafffffff window]
2025-09-22T19:45:12.840118+05:30 localhost kernel: [    T1] pci_bus 0000:00: root bus resource [mem 0xc0000000-0xfebfffff window]
2025-09-22T19:45:12.840118+05:30 localhost kernel: [    T1] pci_bus 0000:00: root bus resource [mem 0xe0000000000-0xe1c00003fff window]
2025-09-22T19:45:12.840119+05:30 localhost kernel: [    T1] pci_bus 0000:00: root bus resource [bus 00-ff]
2025-09-22T19:45:12.840119+05:30 localhost kernel: [    T1] pci 0000:00:00.0: [8086:29c0] type 00 class 0x060000 conventional PCI endpoint
2025-09-22T19:45:12.840120+05:30 localhost kernel: [    T1] pci 0000:00:01.0: [1af4:1050] type 00 class 0x030000 conventional PCI endpoint
2025-09-22T19:45:12.840122+05:30 localhost kernel: [    T1] pci 0000:00:01.0: BAR 0 [mem 0xfc000000-0xfc7fffff pref]
2025-09-22T19:45:12.840122+05:30 localhost kernel: [    T1] pci 0000:00:01.0: BAR 2 [mem 0xe1c00000000-0xe1c00003fff 64bit pref]
2025-09-22T19:45:12.840123+05:30 localhost kernel: [    T1] pci 0000:00:01.0: BAR 4 [mem 0xfea14000-0xfea14fff]
2025-09-22T19:45:12.840123+05:30 localhost kernel: [    T1] pci 0000:00:01.0: ROM [mem 0xfea00000-0xfea0ffff pref]
2025-09-22T19:45:12.840124+05:30 localhost kernel: [    T1] pci 0000:00:01.0: Video device with shadowed ROM at [mem 0x000c0000-0x000dffff]
2025-09-22T19:45:12.840124+05:30 localhost kernel: [    T1] pci 0000:00:02.0: [1b36:000c] type 01 class 0x060400 PCIe Root Port
2025-09-22T19:45:12.840127+05:30 localhost kernel: [    T1] pci 0000:00:02.0: BAR 0 [mem 0xfea15000-0xfea15fff]
2025-09-22T19:45:12.840127+05:30 localhost kernel: [    T1] pci 0000:00:02.0: PCI bridge to [bus 01]
2025-09-22T19:45:12.840128+05:30 localhost kernel: [    T1] pci 0000:00:02.0:   bridge window [mem 0xfe800000-0xfe9fffff]
2025-09-22T19:45:12.840128+05:30 localhost kernel: [    T1] pci 0000:00:02.0:   bridge window [mem 0xe1a00000000-0xe1bffffffff 64bit pref]
2025-09-22T19:45:12.840129+05:30 localhost kernel: [    T1] pci 0000:00:02.0: enabling Extended Tags
2025-09-22T19:45:12.840129+05:30 localhost kernel: [    T1] pci 0000:00:02.1: [1b36:000c] type 01 class 0x060400 PCIe Root Port
2025-09-22T19:45:12.840130+05:30 localhost kernel: [    T1] pci 0000:00:02.1: BAR 0 [mem 0xfea16000-0xfea16fff]
2025-09-22T19:45:12.840132+05:30 localhost kernel: [    T1] pci 0000:00:02.1: PCI bridge to [bus 02]
2025-09-22T19:45:12.840133+05:30 localhost kernel: [    T1] pci 0000:00:02.1:   bridge window [mem 0xfe600000-0xfe7fffff]
2025-09-22T19:45:12.840133+05:30 localhost kernel: [    T1] pci 0000:00:02.1:   bridge window [mem 0xe1800000000-0xe19ffffffff 64bit pref]
2025-09-22T19:45:12.840134+05:30 localhost kernel: [    T1] pci 0000:00:02.1: enabling Extended Tags
2025-09-22T19:45:12.840134+05:30 localhost kernel: [    T1] pci 0000:00:02.2: [1b36:000c] type 01 class 0x060400 PCIe Root Port
2025-09-22T19:45:12.840135+05:30 localhost kernel: [    T1] pci 0000:00:02.2: BAR 0 [mem 0xfea17000-0xfea17fff]
2025-09-22T19:45:12.840137+05:30 localhost kernel: [    T1] pci 0000:00:02.2: PCI bridge to [bus 03]
2025-09-22T19:45:12.840137+05:30 localhost kernel: [    T1] pci 0000:00:02.2:   bridge window [mem 0xfe400000-0xfe5fffff]
2025-09-22T19:45:12.840138+05:30 localhost kernel: [    T1] pci 0000:00:02.2:   bridge window [mem 0xe1600000000-0xe17ffffffff 64bit pref]
2025-09-22T19:45:12.840138+05:30 localhost kernel: [    T1] pci 0000:00:02.2: enabling Extended Tags
2025-09-22T19:45:12.840139+05:30 localhost kernel: [    T1] pci 0000:00:02.3: [1b36:000c] type 01 class 0x060400 PCIe Root Port
2025-09-22T19:45:12.840139+05:30 localhost kernel: [    T1] pci 0000:00:02.3: BAR 0 [mem 0xfea18000-0xfea18fff]
2025-09-22T19:45:12.840141+05:30 localhost kernel: [    T1] pci 0000:00:02.3: PCI bridge to [bus 04]
2025-09-22T19:45:12.840142+05:30 localhost kernel: [    T1] pci 0000:00:02.3:   bridge window [mem 0xfe200000-0xfe3fffff]
2025-09-22T19:45:12.840143+05:30 localhost kernel: [    T1] pci 0000:00:02.3:   bridge window [mem 0xe1400000000-0xe15ffffffff 64bit pref]
2025-09-22T19:45:12.840143+05:30 localhost kernel: [    T1] pci 0000:00:02.3: enabling Extended Tags
2025-09-22T19:45:12.840144+05:30 localhost kernel: [    T1] pci 0000:00:02.4: [1b36:000c] type 01 class 0x060400 PCIe Root Port
2025-09-22T19:45:12.840144+05:30 localhost kernel: [    T1] pci 0000:00:02.4: BAR 0 [mem 0xfea19000-0xfea19fff]
2025-09-22T19:45:12.840145+05:30 localhost kernel: [    T1] pci 0000:00:02.4: PCI bridge to [bus 05]
2025-09-22T19:45:12.840147+05:30 localhost kernel: [    T1] pci 0000:00:02.4:   bridge window [mem 0xfe000000-0xfe1fffff]
2025-09-22T19:45:12.840147+05:30 localhost kernel: [    T1] pci 0000:00:02.4:   bridge window [mem 0xe1200000000-0xe13ffffffff 64bit pref]
2025-09-22T19:45:12.840148+05:30 localhost kernel: [    T1] pci 0000:00:02.4: enabling Extended Tags
2025-09-22T19:45:12.840148+05:30 localhost kernel: [    T1] pci 0000:00:02.5: [1b36:000c] type 01 class 0x060400 PCIe Root Port
2025-09-22T19:45:12.840149+05:30 localhost kernel: [    T1] pci 0000:00:02.5: BAR 0 [mem 0xfea1a000-0xfea1afff]
2025-09-22T19:45:12.840149+05:30 localhost kernel: [    T1] pci 0000:00:02.5: PCI bridge to [bus 06]
2025-09-22T19:45:12.840152+05:30 localhost kernel: [    T1] pci 0000:00:02.5:   bridge window [mem 0xfde00000-0xfdffffff]
2025-09-22T19:45:12.840152+05:30 localhost kernel: [    T1] pci 0000:00:02.5:   bridge window [mem 0xe1000000000-0xe11ffffffff 64bit pref]
2025-09-22T19:45:12.840153+05:30 localhost kernel: [    T1] pci 0000:00:02.5: enabling Extended Tags
2025-09-22T19:45:12.840153+05:30 localhost kernel: [    T1] pci 0000:00:02.6: [1b36:000c] type 01 class 0x060400 PCIe Root Port
2025-09-22T19:45:12.840154+05:30 localhost kernel: [    T1] pci 0000:00:02.6: BAR 0 [mem 0xfea1b000-0xfea1bfff]
2025-09-22T19:45:12.840154+05:30 localhost kernel: [    T1] pci 0000:00:02.6: PCI bridge to [bus 07]
2025-09-22T19:45:12.840155+05:30 localhost kernel: [    T1] pci 0000:00:02.6:   bridge window [mem 0xfdc00000-0xfddfffff]
2025-09-22T19:45:12.840157+05:30 localhost kernel: [    T1] pci 0000:00:02.6:   bridge window [mem 0xe0e00000000-0xe0fffffffff 64bit pref]
2025-09-22T19:45:12.840157+05:30 localhost kernel: [    T1] pci 0000:00:02.6: enabling Extended Tags
2025-09-22T19:45:12.840158+05:30 localhost kernel: [    T1] pci 0000:00:02.7: [1b36:000c] type 01 class 0x060400 PCIe Root Port
2025-09-22T19:45:12.840158+05:30 localhost kernel: [    T1] pci 0000:00:02.7: BAR 0 [mem 0xfea1c000-0xfea1cfff]
2025-09-22T19:45:12.840159+05:30 localhost kernel: [    T1] pci 0000:00:02.7: PCI bridge to [bus 08]
2025-09-22T19:45:12.840159+05:30 localhost kernel: [    T1] pci 0000:00:02.7:   bridge window [mem 0xfda00000-0xfdbfffff]
2025-09-22T19:45:12.840162+05:30 localhost kernel: [    T1] pci 0000:00:02.7:   bridge window [mem 0xe0c00000000-0xe0dffffffff 64bit pref]
2025-09-22T19:45:12.840162+05:30 localhost kernel: [    T1] pci 0000:00:02.7: enabling Extended Tags
2025-09-22T19:45:12.840163+05:30 localhost kernel: [    T1] pci 0000:00:03.0: [1b36:000c] type 01 class 0x060400 PCIe Root Port
2025-09-22T19:45:12.840163+05:30 localhost kernel: [    T1] pci 0000:00:03.0: BAR 0 [mem 0xfea1d000-0xfea1dfff]
2025-09-22T19:45:12.840164+05:30 localhost kernel: [    T1] pci 0000:00:03.0: PCI bridge to [bus 09]
2025-09-22T19:45:12.840200+05:30 localhost kernel: [    T1] pci 0000:00:03.0:   bridge window [mem 0xfd800000-0xfd9fffff]
2025-09-22T19:45:12.840202+05:30 localhost kernel: [    T1] pci 0000:00:03.0:   bridge window [mem 0xe0a00000000-0xe0bffffffff 64bit pref]
2025-09-22T19:45:12.840203+05:30 localhost kernel: [    T1] pci 0000:00:03.0: enabling Extended Tags
2025-09-22T19:45:12.840204+05:30 localhost kernel: [    T1] pci 0000:00:03.1: [1b36:000c] type 01 class 0x060400 PCIe Root Port
2025-09-22T19:45:12.840204+05:30 localhost kernel: [    T1] pci 0000:00:03.1: BAR 0 [mem 0xfea1e000-0xfea1efff]
2025-09-22T19:45:12.840205+05:30 localhost kernel: [    T1] pci 0000:00:03.1: PCI bridge to [bus 0a]
2025-09-22T19:45:12.840205+05:30 localhost kernel: [    T1] pci 0000:00:03.1:   bridge window [mem 0xfd600000-0xfd7fffff]
2025-09-22T19:45:12.840206+05:30 localhost kernel: [    T1] pci 0000:00:03.1:   bridge window [mem 0xe0800000000-0xe09ffffffff 64bit pref]
2025-09-22T19:45:12.840208+05:30 localhost kernel: [    T1] pci 0000:00:03.1: enabling Extended Tags
2025-09-22T19:45:12.840209+05:30 localhost kernel: [    T1] pci 0000:00:03.2: [1b36:000c] type 01 class 0x060400 PCIe Root Port
2025-09-22T19:45:12.840209+05:30 localhost kernel: [    T1] pci 0000:00:03.2: BAR 0 [mem 0xfea1f000-0xfea1ffff]
2025-09-22T19:45:12.840210+05:30 localhost kernel: [    T1] pci 0000:00:03.2: PCI bridge to [bus 0b]
2025-09-22T19:45:12.840210+05:30 localhost kernel: [    T1] pci 0000:00:03.2:   bridge window [mem 0xfd400000-0xfd5fffff]
2025-09-22T19:45:12.840211+05:30 localhost kernel: [    T1] pci 0000:00:03.2:   bridge window [mem 0xe0600000000-0xe07ffffffff 64bit pref]
2025-09-22T19:45:12.840213+05:30 localhost kernel: [    T1] pci 0000:00:03.2: enabling Extended Tags
2025-09-22T19:45:12.840213+05:30 localhost kernel: [    T1] pci 0000:00:03.3: [1b36:000c] type 01 class 0x060400 PCIe Root Port
2025-09-22T19:45:12.840214+05:30 localhost kernel: [    T1] pci 0000:00:03.3: BAR 0 [mem 0xfea20000-0xfea20fff]
2025-09-22T19:45:12.840214+05:30 localhost kernel: [    T1] pci 0000:00:03.3: PCI bridge to [bus 0c]
2025-09-22T19:45:12.840215+05:30 localhost kernel: [    T1] pci 0000:00:03.3:   bridge window [mem 0xfd200000-0xfd3fffff]
2025-09-22T19:45:12.840215+05:30 localhost kernel: [    T1] pci 0000:00:03.3:   bridge window [mem 0xe0400000000-0xe05ffffffff 64bit pref]
2025-09-22T19:45:12.840216+05:30 localhost kernel: [    T1] pci 0000:00:03.3: enabling Extended Tags
2025-09-22T19:45:12.840218+05:30 localhost kernel: [    T1] pci 0000:00:03.4: [1b36:000c] type 01 class 0x060400 PCIe Root Port
2025-09-22T19:45:12.840219+05:30 localhost kernel: [    T1] pci 0000:00:03.4: BAR 0 [mem 0xfea21000-0xfea21fff]
2025-09-22T19:45:12.840219+05:30 localhost kernel: [    T1] pci 0000:00:03.4: PCI bridge to [bus 0d]
2025-09-22T19:45:12.840220+05:30 localhost kernel: [    T1] pci 0000:00:03.4:   bridge window [mem 0xfd000000-0xfd1fffff]
2025-09-22T19:45:12.840220+05:30 localhost kernel: [    T1] pci 0000:00:03.4:   bridge window [mem 0xe0200000000-0xe03ffffffff 64bit pref]
2025-09-22T19:45:12.840221+05:30 localhost kernel: [    T1] pci 0000:00:03.4: enabling Extended Tags
2025-09-22T19:45:12.840223+05:30 localhost kernel: [    T1] pci 0000:00:03.5: [1b36:000c] type 01 class 0x060400 PCIe Root Port
2025-09-22T19:45:12.840224+05:30 localhost kernel: [    T1] pci 0000:00:03.5: BAR 0 [mem 0xfea22000-0xfea22fff]
2025-09-22T19:45:12.840224+05:30 localhost kernel: [    T1] pci 0000:00:03.5: PCI bridge to [bus 0e]
2025-09-22T19:45:12.840225+05:30 localhost kernel: [    T1] pci 0000:00:03.5:   bridge window [mem 0xfce00000-0xfcffffff]
2025-09-22T19:45:12.840225+05:30 localhost kernel: [    T1] pci 0000:00:03.5:   bridge window [mem 0xe0000000000-0xe01ffffffff 64bit pref]
2025-09-22T19:45:12.840226+05:30 localhost kernel: [    T1] pci 0000:00:03.5: enabling Extended Tags
2025-09-22T19:45:12.840228+05:30 localhost kernel: [    T1] pci 0000:00:1b.0: [8086:293e] type 00 class 0x040300 conventional PCI endpoint
2025-09-22T19:45:12.840228+05:30 localhost kernel: [    T1] pci 0000:00:1b.0: BAR 0 [mem 0xfea10000-0xfea13fff]
2025-09-22T19:45:12.840229+05:30 localhost kernel: [    T1] pci 0000:00:1f.0: [8086:2918] type 00 class 0x060100 conventional PCI endpoint
2025-09-22T19:45:12.840229+05:30 localhost kernel: [    T1] pci 0000:00:1f.0: quirk: [io  0x0600-0x067f] claimed by ICH6 ACPI/GPIO/TCO
2025-09-22T19:45:12.840230+05:30 localhost kernel: [    T1] pci 0000:00:1f.2: [8086:2922] type 00 class 0x010601 conventional PCI endpoint
2025-09-22T19:45:12.840230+05:30 localhost kernel: [    T1] pci 0000:00:1f.2: BAR 4 [io  0xc040-0xc05f]
2025-09-22T19:45:12.840231+05:30 localhost kernel: [    T1] pci 0000:00:1f.2: BAR 5 [mem 0xfea23000-0xfea23fff]
2025-09-22T19:45:12.840233+05:30 localhost kernel: [    T1] pci 0000:00:1f.3: [8086:2930] type 00 class 0x0c0500 conventional PCI endpoint
2025-09-22T19:45:12.840234+05:30 localhost kernel: [    T1] pci 0000:00:1f.3: BAR 4 [io  0x0700-0x073f]
2025-09-22T19:45:12.840234+05:30 localhost kernel: [    T1] acpiphp: Slot [0] registered
2025-09-22T19:45:12.840235+05:30 localhost kernel: [    T1] pci 0000:01:00.0: [1af4:1041] type 00 class 0x020000 PCIe Endpoint
2025-09-22T19:45:12.840235+05:30 localhost kernel: [    T1] pci 0000:01:00.0: BAR 1 [mem 0xfe840000-0xfe840fff]
2025-09-22T19:45:12.840236+05:30 localhost kernel: [    T1] pci 0000:01:00.0: BAR 4 [mem 0xe1a00000000-0xe1a00003fff 64bit pref]
2025-09-22T19:45:12.840238+05:30 localhost kernel: [    T1] pci 0000:01:00.0: ROM [mem 0xfe800000-0xfe83ffff pref]
2025-09-22T19:45:12.840239+05:30 localhost kernel: [    T1] pci 0000:01:00.0: enabling Extended Tags
2025-09-22T19:45:12.840239+05:30 localhost kernel: [    T1] pci 0000:00:02.0: PCI bridge to [bus 01]
2025-09-22T19:45:12.840240+05:30 localhost kernel: [    T1] acpiphp: Slot [0-2] registered
2025-09-22T19:45:12.840240+05:30 localhost kernel: [    T1] pci 0000:02:00.0: [1b36:000d] type 00 class 0x0c0330 PCIe Endpoint
2025-09-22T19:45:12.840241+05:30 localhost kernel: [    T1] pci 0000:02:00.0: BAR 0 [mem 0xfe600000-0xfe603fff 64bit]
2025-09-22T19:45:12.840241+05:30 localhost kernel: [    T1] pci 0000:02:00.0: enabling Extended Tags
2025-09-22T19:45:12.840243+05:30 localhost kernel: [    T1] pci 0000:00:02.1: PCI bridge to [bus 02]
2025-09-22T19:45:12.840244+05:30 localhost kernel: [    T1] acpiphp: Slot [0-3] registered
2025-09-22T19:45:12.840244+05:30 localhost kernel: [    T1] pci 0000:03:00.0: [1af4:1043] type 00 class 0x078000 PCIe Endpoint
2025-09-22T19:45:12.840245+05:30 localhost kernel: [    T1] pci 0000:03:00.0: BAR 1 [mem 0xfe400000-0xfe400fff]
2025-09-22T19:45:12.840245+05:30 localhost kernel: [    T1] pci 0000:03:00.0: BAR 4 [mem 0xe1600000000-0xe1600003fff 64bit pref]
2025-09-22T19:45:12.840246+05:30 localhost kernel: [    T1] pci 0000:03:00.0: enabling Extended Tags
2025-09-22T19:45:12.840248+05:30 localhost kernel: [    T1] pci 0000:00:02.2: PCI bridge to [bus 03]
2025-09-22T19:45:12.840249+05:30 localhost kernel: [    T1] acpiphp: Slot [0-4] registered
2025-09-22T19:45:12.840249+05:30 localhost kernel: [    T1] pci 0000:04:00.0: [1af4:1042] type 00 class 0x010000 PCIe Endpoint
2025-09-22T19:45:12.840250+05:30 localhost kernel: [    T1] pci 0000:04:00.0: BAR 1 [mem 0xfe200000-0xfe200fff]
2025-09-22T19:45:12.840250+05:30 localhost kernel: [    T1] pci 0000:04:00.0: BAR 4 [mem 0xe1400000000-0xe1400003fff 64bit pref]
2025-09-22T19:45:12.840251+05:30 localhost kernel: [    T1] pci 0000:04:00.0: enabling Extended Tags
2025-09-22T19:45:12.840253+05:30 localhost kernel: [    T1] pci 0000:00:02.3: PCI bridge to [bus 04]
2025-09-22T19:45:12.840253+05:30 localhost kernel: [    T1] acpiphp: Slot [0-5] registered
2025-09-22T19:45:12.840254+05:30 localhost kernel: [    T1] pci 0000:05:00.0: [1af4:1045] type 00 class 0x00ff00 PCIe Endpoint
2025-09-22T19:45:12.840255+05:30 localhost kernel: [    T1] pci 0000:05:00.0: BAR 4 [mem 0xe1200000000-0xe1200003fff 64bit pref]
2025-09-22T19:45:12.840255+05:30 localhost kernel: [    T1] pci 0000:05:00.0: enabling Extended Tags
2025-09-22T19:45:12.840256+05:30 localhost kernel: [    T1] pci 0000:00:02.4: PCI bridge to [bus 05]
2025-09-22T19:45:12.840256+05:30 localhost kernel: [    T1] acpiphp: Slot [0-6] registered
2025-09-22T19:45:12.840258+05:30 localhost kernel: [    T1] pci 0000:06:00.0: [1af4:1044] type 00 class 0x00ff00 PCIe Endpoint
2025-09-22T19:45:12.840259+05:30 localhost kernel: [    T1] pci 0000:06:00.0: BAR 1 [mem 0xfde00000-0xfde00fff]
2025-09-22T19:45:12.840259+05:30 localhost kernel: [    T1] pci 0000:06:00.0: BAR 4 [mem 0xe1000000000-0xe1000003fff 64bit pref]
2025-09-22T19:45:12.840260+05:30 localhost kernel: [    T1] pci 0000:06:00.0: enabling Extended Tags
2025-09-22T19:45:12.840260+05:30 localhost kernel: [    T1] pci 0000:00:02.5: PCI bridge to [bus 06]
2025-09-22T19:45:12.840261+05:30 localhost kernel: [    T1] acpiphp: Slot [0-7] registered
2025-09-22T19:45:12.840263+05:30 localhost kernel: [    T1] pci 0000:00:02.6: PCI bridge to [bus 07]
2025-09-22T19:45:12.840264+05:30 localhost kernel: [    T1] acpiphp: Slot [0-8] registered
2025-09-22T19:45:12.840264+05:30 localhost kernel: [    T1] pci 0000:00:02.7: PCI bridge to [bus 08]
2025-09-22T19:45:12.840265+05:30 localhost kernel: [    T1] acpiphp: Slot [0-9] registered
2025-09-22T19:45:12.840265+05:30 localhost kernel: [    T1] pci 0000:00:03.0: PCI bridge to [bus 09]
2025-09-22T19:45:12.840266+05:30 localhost kernel: [    T1] acpiphp: Slot [0-10] registered
2025-09-22T19:45:12.840266+05:30 localhost kernel: [    T1] pci 0000:00:03.1: PCI bridge to [bus 0a]
2025-09-22T19:45:12.840268+05:30 localhost kernel: [    T1] acpiphp: Slot [0-11] registered
2025-09-22T19:45:12.840269+05:30 localhost kernel: [    T1] pci 0000:00:03.2: PCI bridge to [bus 0b]
2025-09-22T19:45:12.840269+05:30 localhost kernel: [    T1] acpiphp: Slot [0-12] registered
2025-09-22T19:45:12.840270+05:30 localhost kernel: [    T1] pci 0000:00:03.3: PCI bridge to [bus 0c]
2025-09-22T19:45:12.840270+05:30 localhost kernel: [    T1] acpiphp: Slot [0-13] registered
2025-09-22T19:45:12.840271+05:30 localhost kernel: [    T1] pci 0000:00:03.4: PCI bridge to [bus 0d]
2025-09-22T19:45:12.840273+05:30 localhost kernel: [    T1] acpiphp: Slot [0-14] registered
2025-09-22T19:45:12.840274+05:30 localhost kernel: [    T1] pci 0000:00:03.5: PCI bridge to [bus 0e]
2025-09-22T19:45:12.840274+05:30 localhost kernel: [    T1] ACPI: PCI: Interrupt link LNKA configured for IRQ 10
2025-09-22T19:45:12.840275+05:30 localhost kernel: [    T1] ACPI: PCI: Interrupt link LNKB configured for IRQ 10
2025-09-22T19:45:12.840275+05:30 localhost kernel: [    T1] ACPI: PCI: Interrupt link LNKC configured for IRQ 11
2025-09-22T19:45:12.840276+05:30 localhost kernel: [    T1] ACPI: PCI: Interrupt link LNKD configured for IRQ 11
2025-09-22T19:45:12.840308+05:30 localhost kernel: [    T1] ACPI: PCI: Interrupt link LNKE configured for IRQ 10
2025-09-22T19:45:12.840310+05:30 localhost kernel: [    T1] ACPI: PCI: Interrupt link LNKF configured for IRQ 10
2025-09-22T19:45:12.840311+05:30 localhost kernel: [    T1] ACPI: PCI: Interrupt link LNKG configured for IRQ 11
2025-09-22T19:45:12.840312+05:30 localhost kernel: [    T1] ACPI: PCI: Interrupt link LNKH configured for IRQ 11
2025-09-22T19:45:12.840312+05:30 localhost kernel: [    T1] ACPI: PCI: Interrupt link GSIA configured for IRQ 16
2025-09-22T19:45:12.840313+05:30 localhost kernel: [    T1] ACPI: PCI: Interrupt link GSIB configured for IRQ 17
2025-09-22T19:45:12.840314+05:30 localhost kernel: [    T1] ACPI: PCI: Interrupt link GSIC configured for IRQ 18
2025-09-22T19:45:12.840356+05:30 localhost kernel: [    T1] ACPI: PCI: Interrupt link GSID configured for IRQ 19
2025-09-22T19:45:12.840356+05:30 localhost kernel: [    T1] ACPI: PCI: Interrupt link GSIE configured for IRQ 20
2025-09-22T19:45:12.840357+05:30 localhost kernel: [    T1] ACPI: PCI: Interrupt link GSIF configured for IRQ 21
2025-09-22T19:45:12.840358+05:30 localhost kernel: [    T1] ACPI: PCI: Interrupt link GSIG configured for IRQ 22
2025-09-22T19:45:12.840358+05:30 localhost kernel: [    T1] ACPI: PCI: Interrupt link GSIH configured for IRQ 23
2025-09-22T19:45:12.840359+05:30 localhost kernel: [    T1] iommu: Default domain type: Passthrough
2025-09-22T19:45:12.840361+05:30 localhost kernel: [    T1] pps_core: LinuxPPS API ver. 1 registered
2025-09-22T19:45:12.840361+05:30 localhost kernel: [    T1] pps_core: Software ver. 5.3.6 - Copyright 2005-2007 Rodolfo Giometti <giometti@linux.it>
2025-09-22T19:45:12.840362+05:30 localhost kernel: [    T1] PTP clock support registered
2025-09-22T19:45:12.840363+05:30 localhost kernel: [    T1] EDAC MC: Ver: 3.0.0
2025-09-22T19:45:12.840363+05:30 localhost kernel: [    T1] NetLabel: Initializing
2025-09-22T19:45:12.840364+05:30 localhost kernel: [    T1] NetLabel:  domain hash size = 128
2025-09-22T19:45:12.840364+05:30 localhost kernel: [    T1] NetLabel:  protocols = UNLABELED CIPSOv4 CALIPSO
2025-09-22T19:45:12.840368+05:30 localhost kernel: [    T1] NetLabel:  unlabeled traffic allowed by default
2025-09-22T19:45:12.840369+05:30 localhost kernel: [    T1] mctp: management component transport protocol core
2025-09-22T19:45:12.840369+05:30 localhost kernel: [    T1] NET: Registered PF_MCTP protocol family
2025-09-22T19:45:12.840370+05:30 localhost kernel: [    T1] PCI: Using ACPI for IRQ routing
2025-09-22T19:45:12.840370+05:30 localhost kernel: [    T1] PCI: pci_cache_line_size set to 64 bytes
2025-09-22T19:45:12.840371+05:30 localhost kernel: [    T1] e820: reserve RAM buffer [mem 0x0009fc00-0x0009ffff]
2025-09-22T19:45:12.840373+05:30 localhost kernel: [    T1] e820: reserve RAM buffer [mem 0x7ffdc000-0x7fffffff]
2025-09-22T19:45:12.840374+05:30 localhost kernel: [    T1] pci 0000:00:01.0: vgaarb: setting as boot VGA device
2025-09-22T19:45:12.840374+05:30 localhost kernel: [    T1] pci 0000:00:01.0: vgaarb: bridge control possible
2025-09-22T19:45:12.840375+05:30 localhost kernel: [    T1] pci 0000:00:01.0: vgaarb: VGA device added: decodes=io+mem,owns=io+mem,locks=none
2025-09-22T19:45:12.840375+05:30 localhost kernel: [    T1] vgaarb: loaded
2025-09-22T19:45:12.840376+05:30 localhost kernel: [    T1] clocksource: Switched to clocksource kvm-clock
2025-09-22T19:45:12.840378+05:30 localhost kernel: [    T1] VFS: Disk quotas dquot_6.6.0
2025-09-22T19:45:12.840378+05:30 localhost kernel: [    T1] VFS: Dquot-cache hash table entries: 512 (order 0, 4096 bytes)
2025-09-22T19:45:12.840379+05:30 localhost kernel: [    T1] pnp: PnP ACPI init
2025-09-22T19:45:12.840380+05:30 localhost kernel: [    T1] system 00:04: [mem 0xb0000000-0xbfffffff window] has been reserved
2025-09-22T19:45:12.840380+05:30 localhost kernel: [    T1] pnp: PnP ACPI: found 5 devices
2025-09-22T19:45:12.840381+05:30 localhost kernel: [    T1] clocksource: acpi_pm: mask: 0xffffff max_cycles: 0xffffff, max_idle_ns: 2085701024 ns
2025-09-22T19:45:12.840381+05:30 localhost kernel: [    T1] NET: Registered PF_INET protocol family
2025-09-22T19:45:12.840383+05:30 localhost kernel: [    T1] IP idents hash table entries: 65536 (order: 7, 524288 bytes, linear)
2025-09-22T19:45:12.840384+05:30 localhost kernel: [    T1] tcp_listen_portaddr_hash hash table entries: 2048 (order: 3, 32768 bytes, linear)
2025-09-22T19:45:12.840384+05:30 localhost kernel: [    T1] Table-perturb hash table entries: 65536 (order: 6, 262144 bytes, linear)
2025-09-22T19:45:12.840385+05:30 localhost kernel: [    T1] TCP established hash table entries: 32768 (order: 6, 262144 bytes, linear)
2025-09-22T19:45:12.840385+05:30 localhost kernel: [    T1] TCP bind hash table entries: 32768 (order: 8, 1048576 bytes, linear)
2025-09-22T19:45:12.840386+05:30 localhost kernel: [    T1] TCP: Hash tables configured (established 32768 bind 32768)
2025-09-22T19:45:12.840388+05:30 localhost kernel: [    T1] MPTCP token hash table entries: 4096 (order: 4, 98304 bytes, linear)
2025-09-22T19:45:12.840389+05:30 localhost kernel: [    T1] UDP hash table entries: 2048 (order: 5, 131072 bytes, linear)
2025-09-22T19:45:12.840389+05:30 localhost kernel: [    T1] UDP-Lite hash table entries: 2048 (order: 5, 131072 bytes, linear)
2025-09-22T19:45:12.840390+05:30 localhost kernel: [    T1] NET: Registered PF_UNIX/PF_LOCAL protocol family
2025-09-22T19:45:12.840390+05:30 localhost kernel: [    T1] NET: Registered PF_XDP protocol family
2025-09-22T19:45:12.840391+05:30 localhost kernel: [    T1] pci 0000:00:02.0: bridge window [io  0x1000-0x0fff] to [bus 01] add_size 1000
2025-09-22T19:45:12.840391+05:30 localhost kernel: [    T1] pci 0000:00:02.1: bridge window [io  0x1000-0x0fff] to [bus 02] add_size 1000
2025-09-22T19:45:12.840393+05:30 localhost kernel: [    T1] pci 0000:00:02.2: bridge window [io  0x1000-0x0fff] to [bus 03] add_size 1000
2025-09-22T19:45:12.840394+05:30 localhost kernel: [    T1] pci 0000:00:02.3: bridge window [io  0x1000-0x0fff] to [bus 04] add_size 1000
2025-09-22T19:45:12.840395+05:30 localhost kernel: [    T1] pci 0000:00:02.4: bridge window [io  0x1000-0x0fff] to [bus 05] add_size 1000
2025-09-22T19:45:12.840395+05:30 localhost kernel: [    T1] pci 0000:00:02.5: bridge window [io  0x1000-0x0fff] to [bus 06] add_size 1000
2025-09-22T19:45:12.840396+05:30 localhost kernel: [    T1] pci 0000:00:02.6: bridge window [io  0x1000-0x0fff] to [bus 07] add_size 1000
2025-09-22T19:45:12.840396+05:30 localhost kernel: [    T1] pci 0000:00:02.7: bridge window [io  0x1000-0x0fff] to [bus 08] add_size 1000
2025-09-22T19:45:12.840398+05:30 localhost kernel: [    T1] pci 0000:00:03.0: bridge window [io  0x1000-0x0fff] to [bus 09] add_size 1000
2025-09-22T19:45:12.840399+05:30 localhost kernel: [    T1] pci 0000:00:03.1: bridge window [io  0x1000-0x0fff] to [bus 0a] add_size 1000
2025-09-22T19:45:12.840400+05:30 localhost kernel: [    T1] pci 0000:00:03.2: bridge window [io  0x1000-0x0fff] to [bus 0b] add_size 1000
2025-09-22T19:45:12.840400+05:30 localhost kernel: [    T1] pci 0000:00:03.3: bridge window [io  0x1000-0x0fff] to [bus 0c] add_size 1000
2025-09-22T19:45:12.840401+05:30 localhost kernel: [    T1] pci 0000:00:03.4: bridge window [io  0x1000-0x0fff] to [bus 0d] add_size 1000
2025-09-22T19:45:12.840401+05:30 localhost kernel: [    T1] pci 0000:00:03.5: bridge window [io  0x1000-0x0fff] to [bus 0e] add_size 1000
2025-09-22T19:45:12.840403+05:30 localhost kernel: [    T1] pci 0000:00:02.0: bridge window [io  0x1000-0x1fff]: assigned
2025-09-22T19:45:12.840404+05:30 localhost kernel: [    T1] pci 0000:00:02.1: bridge window [io  0x2000-0x2fff]: assigned
2025-09-22T19:45:12.840405+05:30 localhost kernel: [    T1] pci 0000:00:02.2: bridge window [io  0x3000-0x3fff]: assigned
2025-09-22T19:45:12.840405+05:30 localhost kernel: [    T1] pci 0000:00:02.3: bridge window [io  0x4000-0x4fff]: assigned
2025-09-22T19:45:12.840406+05:30 localhost kernel: [    T1] pci 0000:00:02.4: bridge window [io  0x5000-0x5fff]: assigned
2025-09-22T19:45:12.840406+05:30 localhost kernel: [    T1] pci 0000:00:02.5: bridge window [io  0x6000-0x6fff]: assigned
2025-09-22T19:45:12.840407+05:30 localhost kernel: [    T1] pci 0000:00:02.6: bridge window [io  0x7000-0x7fff]: assigned
2025-09-22T19:45:12.840409+05:30 localhost kernel: [    T1] pci 0000:00:02.7: bridge window [io  0x8000-0x8fff]: assigned
2025-09-22T19:45:12.840410+05:30 localhost kernel: [    T1] pci 0000:00:03.0: bridge window [io  0x9000-0x9fff]: assigned
2025-09-22T19:45:12.840410+05:30 localhost kernel: [    T1] pci 0000:00:03.1: bridge window [io  0xa000-0xafff]: assigned
2025-09-22T19:45:12.840411+05:30 localhost kernel: [    T1] pci 0000:00:03.2: bridge window [io  0xb000-0xbfff]: assigned
2025-09-22T19:45:12.840411+05:30 localhost kernel: [    T1] pci 0000:00:03.3: bridge window [io  0xd000-0xdfff]: assigned
2025-09-22T19:45:12.840412+05:30 localhost kernel: [    T1] pci 0000:00:03.4: bridge window [io  0xe000-0xefff]: assigned
2025-09-22T19:45:12.840414+05:30 localhost kernel: [    T1] pci 0000:00:03.5: bridge window [io  0xf000-0xffff]: assigned
2025-09-22T19:45:12.840414+05:30 localhost kernel: [    T1] pci 0000:00:02.0: PCI bridge to [bus 01]
2025-09-22T19:45:12.840415+05:30 localhost kernel: [    T1] pci 0000:00:02.0:   bridge window [io  0x1000-0x1fff]
2025-09-22T19:45:12.840416+05:30 localhost kernel: [    T1] pci 0000:00:02.0:   bridge window [mem 0xfe800000-0xfe9fffff]
2025-09-22T19:45:12.840416+05:30 localhost kernel: [    T1] pci 0000:00:02.0:   bridge window [mem 0xe1a00000000-0xe1bffffffff 64bit pref]
2025-09-22T19:45:12.840417+05:30 localhost kernel: [    T1] pci 0000:00:02.1: PCI bridge to [bus 02]
2025-09-22T19:45:12.840417+05:30 localhost kernel: [    T1] pci 0000:00:02.1:   bridge window [io  0x2000-0x2fff]
2025-09-22T19:45:12.840419+05:30 localhost kernel: [    T1] pci 0000:00:02.1:   bridge window [mem 0xfe600000-0xfe7fffff]
2025-09-22T19:45:12.840420+05:30 localhost kernel: [    T1] pci 0000:00:02.1:   bridge window [mem 0xe1800000000-0xe19ffffffff 64bit pref]
2025-09-22T19:45:12.840420+05:30 localhost kernel: [    T1] pci 0000:00:02.2: PCI bridge to [bus 03]
2025-09-22T19:45:12.840421+05:30 localhost kernel: [    T1] pci 0000:00:02.2:   bridge window [io  0x3000-0x3fff]
2025-09-22T19:45:12.840421+05:30 localhost kernel: [    T1] pci 0000:00:02.2:   bridge window [mem 0xfe400000-0xfe5fffff]
2025-09-22T19:45:12.840422+05:30 localhost kernel: [    T1] pci 0000:00:02.2:   bridge window [mem 0xe1600000000-0xe17ffffffff 64bit pref]
2025-09-22T19:45:12.840424+05:30 localhost kernel: [    T1] pci 0000:00:02.3: PCI bridge to [bus 04]
2025-09-22T19:45:12.840425+05:30 localhost kernel: [    T1] pci 0000:00:02.3:   bridge window [io  0x4000-0x4fff]
2025-09-22T19:45:12.840425+05:30 localhost kernel: [    T1] pci 0000:00:02.3:   bridge window [mem 0xfe200000-0xfe3fffff]
2025-09-22T19:45:12.840426+05:30 localhost kernel: [    T1] pci 0000:00:02.3:   bridge window [mem 0xe1400000000-0xe15ffffffff 64bit pref]
2025-09-22T19:45:12.840426+05:30 localhost kernel: [    T1] pci 0000:00:02.4: PCI bridge to [bus 05]
2025-09-22T19:45:12.840427+05:30 localhost kernel: [    T1] pci 0000:00:02.4:   bridge window [io  0x5000-0x5fff]
2025-09-22T19:45:12.840429+05:30 localhost kernel: [    T1] pci 0000:00:02.4:   bridge window [mem 0xfe000000-0xfe1fffff]
2025-09-22T19:45:12.840430+05:30 localhost kernel: [    T1] pci 0000:00:02.4:   bridge window [mem 0xe1200000000-0xe13ffffffff 64bit pref]
2025-09-22T19:45:12.840430+05:30 localhost kernel: [    T1] pci 0000:00:02.5: PCI bridge to [bus 06]
2025-09-22T19:45:12.840431+05:30 localhost kernel: [    T1] pci 0000:00:02.5:   bridge window [io  0x6000-0x6fff]
2025-09-22T19:45:12.840431+05:30 localhost kernel: [    T1] pci 0000:00:02.5:   bridge window [mem 0xfde00000-0xfdffffff]
2025-09-22T19:45:12.840432+05:30 localhost kernel: [    T1] pci 0000:00:02.5:   bridge window [mem 0xe1000000000-0xe11ffffffff 64bit pref]
2025-09-22T19:45:12.840466+05:30 localhost kernel: [    T1] pci 0000:00:02.6: PCI bridge to [bus 07]
2025-09-22T19:45:12.840468+05:30 localhost kernel: [    T1] pci 0000:00:02.6:   bridge window [io  0x7000-0x7fff]
2025-09-22T19:45:12.840469+05:30 localhost kernel: [    T1] pci 0000:00:02.6:   bridge window [mem 0xfdc00000-0xfddfffff]
2025-09-22T19:45:12.840469+05:30 localhost kernel: [    T1] pci 0000:00:02.6:   bridge window [mem 0xe0e00000000-0xe0fffffffff 64bit pref]
2025-09-22T19:45:12.840470+05:30 localhost kernel: [    T1] pci 0000:00:02.7: PCI bridge to [bus 08]
2025-09-22T19:45:12.840470+05:30 localhost kernel: [    T1] pci 0000:00:02.7:   bridge window [io  0x8000-0x8fff]
2025-09-22T19:45:12.840471+05:30 localhost kernel: [    T1] pci 0000:00:02.7:   bridge window [mem 0xfda00000-0xfdbfffff]
2025-09-22T19:45:12.840473+05:30 localhost kernel: [    T1] pci 0000:00:02.7:   bridge window [mem 0xe0c00000000-0xe0dffffffff 64bit pref]
2025-09-22T19:45:12.840474+05:30 localhost kernel: [    T1] pci 0000:00:03.0: PCI bridge to [bus 09]
2025-09-22T19:45:12.840474+05:30 localhost kernel: [    T1] pci 0000:00:03.0:   bridge window [io  0x9000-0x9fff]
2025-09-22T19:45:12.840475+05:30 localhost kernel: [    T1] pci 0000:00:03.0:   bridge window [mem 0xfd800000-0xfd9fffff]
2025-09-22T19:45:12.840475+05:30 localhost kernel: [    T1] pci 0000:00:03.0:   bridge window [mem 0xe0a00000000-0xe0bffffffff 64bit pref]
2025-09-22T19:45:12.840476+05:30 localhost kernel: [    T1] pci 0000:00:03.1: PCI bridge to [bus 0a]
2025-09-22T19:45:12.840476+05:30 localhost kernel: [    T1] pci 0000:00:03.1:   bridge window [io  0xa000-0xafff]
2025-09-22T19:45:12.840478+05:30 localhost kernel: [    T1] pci 0000:00:03.1:   bridge window [mem 0xfd600000-0xfd7fffff]
2025-09-22T19:45:12.840479+05:30 localhost kernel: [    T1] pci 0000:00:03.1:   bridge window [mem 0xe0800000000-0xe09ffffffff 64bit pref]
2025-09-22T19:45:12.840480+05:30 localhost kernel: [    T1] pci 0000:00:03.2: PCI bridge to [bus 0b]
2025-09-22T19:45:12.840480+05:30 localhost kernel: [    T1] pci 0000:00:03.2:   bridge window [io  0xb000-0xbfff]
2025-09-22T19:45:12.840481+05:30 localhost kernel: [    T1] pci 0000:00:03.2:   bridge window [mem 0xfd400000-0xfd5fffff]
2025-09-22T19:45:12.840481+05:30 localhost kernel: [    T1] pci 0000:00:03.2:   bridge window [mem 0xe0600000000-0xe07ffffffff 64bit pref]
2025-09-22T19:45:12.840483+05:30 localhost kernel: [    T1] pci 0000:00:03.3: PCI bridge to [bus 0c]
2025-09-22T19:45:12.840485+05:30 localhost kernel: [    T1] pci 0000:00:03.3:   bridge window [io  0xd000-0xdfff]
2025-09-22T19:45:12.840486+05:30 localhost kernel: [    T1] pci 0000:00:03.3:   bridge window [mem 0xfd200000-0xfd3fffff]
2025-09-22T19:45:12.840486+05:30 localhost kernel: [    T1] pci 0000:00:03.3:   bridge window [mem 0xe0400000000-0xe05ffffffff 64bit pref]
2025-09-22T19:45:12.840487+05:30 localhost kernel: [    T1] pci 0000:00:03.4: PCI bridge to [bus 0d]
2025-09-22T19:45:12.840487+05:30 localhost kernel: [    T1] pci 0000:00:03.4:   bridge window [io  0xe000-0xefff]
2025-09-22T19:45:12.840489+05:30 localhost kernel: [    T1] pci 0000:00:03.4:   bridge window [mem 0xfd000000-0xfd1fffff]
2025-09-22T19:45:12.840490+05:30 localhost kernel: [    T1] pci 0000:00:03.4:   bridge window [mem 0xe0200000000-0xe03ffffffff 64bit pref]
2025-09-22T19:45:12.840490+05:30 localhost kernel: [    T1] pci 0000:00:03.5: PCI bridge to [bus 0e]
2025-09-22T19:45:12.840491+05:30 localhost kernel: [    T1] pci 0000:00:03.5:   bridge window [io  0xf000-0xffff]
2025-09-22T19:45:12.840491+05:30 localhost kernel: [    T1] pci 0000:00:03.5:   bridge window [mem 0xfce00000-0xfcffffff]
2025-09-22T19:45:12.840492+05:30 localhost kernel: [    T1] pci 0000:00:03.5:   bridge window [mem 0xe0000000000-0xe01ffffffff 64bit pref]
2025-09-22T19:45:12.840493+05:30 localhost kernel: [    T1] pci_bus 0000:00: resource 4 [io  0x0000-0x0cf7 window]
2025-09-22T19:45:12.840495+05:30 localhost kernel: [    T1] pci_bus 0000:00: resource 5 [io  0x0d00-0xffff window]
2025-09-22T19:45:12.840495+05:30 localhost kernel: [    T1] pci_bus 0000:00: resource 6 [mem 0x000a0000-0x000bffff window]
2025-09-22T19:45:12.840496+05:30 localhost kernel: [    T1] pci_bus 0000:00: resource 7 [mem 0x80000000-0xafffffff window]
2025-09-22T19:45:12.840496+05:30 localhost kernel: [    T1] pci_bus 0000:00: resource 8 [mem 0xc0000000-0xfebfffff window]
2025-09-22T19:45:12.840497+05:30 localhost kernel: [    T1] pci_bus 0000:00: resource 9 [mem 0xe0000000000-0xe1c00003fff window]
2025-09-22T19:45:12.840497+05:30 localhost kernel: [    T1] pci_bus 0000:01: resource 0 [io  0x1000-0x1fff]
2025-09-22T19:45:12.840500+05:30 localhost kernel: [    T1] pci_bus 0000:01: resource 1 [mem 0xfe800000-0xfe9fffff]
2025-09-22T19:45:12.840500+05:30 localhost kernel: [    T1] pci_bus 0000:01: resource 2 [mem 0xe1a00000000-0xe1bffffffff 64bit pref]
2025-09-22T19:45:12.840501+05:30 localhost kernel: [    T1] pci_bus 0000:02: resource 0 [io  0x2000-0x2fff]
2025-09-22T19:45:12.840502+05:30 localhost kernel: [    T1] pci_bus 0000:02: resource 1 [mem 0xfe600000-0xfe7fffff]
2025-09-22T19:45:12.840502+05:30 localhost kernel: [    T1] pci_bus 0000:02: resource 2 [mem 0xe1800000000-0xe19ffffffff 64bit pref]
2025-09-22T19:45:12.840503+05:30 localhost kernel: [    T1] pci_bus 0000:03: resource 0 [io  0x3000-0x3fff]
2025-09-22T19:45:12.840503+05:30 localhost kernel: [    T1] pci_bus 0000:03: resource 1 [mem 0xfe400000-0xfe5fffff]
2025-09-22T19:45:12.840505+05:30 localhost kernel: [    T1] pci_bus 0000:03: resource 2 [mem 0xe1600000000-0xe17ffffffff 64bit pref]
2025-09-22T19:45:12.840506+05:30 localhost kernel: [    T1] pci_bus 0000:04: resource 0 [io  0x4000-0x4fff]
2025-09-22T19:45:12.840506+05:30 localhost kernel: [    T1] pci_bus 0000:04: resource 1 [mem 0xfe200000-0xfe3fffff]
2025-09-22T19:45:12.840507+05:30 localhost kernel: [    T1] pci_bus 0000:04: resource 2 [mem 0xe1400000000-0xe15ffffffff 64bit pref]
2025-09-22T19:45:12.840507+05:30 localhost kernel: [    T1] pci_bus 0000:05: resource 0 [io  0x5000-0x5fff]
2025-09-22T19:45:12.840508+05:30 localhost kernel: [    T1] pci_bus 0000:05: resource 1 [mem 0xfe000000-0xfe1fffff]
2025-09-22T19:45:12.840510+05:30 localhost kernel: [    T1] pci_bus 0000:05: resource 2 [mem 0xe1200000000-0xe13ffffffff 64bit pref]
2025-09-22T19:45:12.840511+05:30 localhost kernel: [    T1] pci_bus 0000:06: resource 0 [io  0x6000-0x6fff]
2025-09-22T19:45:12.840511+05:30 localhost kernel: [    T1] pci_bus 0000:06: resource 1 [mem 0xfde00000-0xfdffffff]
2025-09-22T19:45:12.840512+05:30 localhost kernel: [    T1] pci_bus 0000:06: resource 2 [mem 0xe1000000000-0xe11ffffffff 64bit pref]
2025-09-22T19:45:12.840512+05:30 localhost kernel: [    T1] pci_bus 0000:07: resource 0 [io  0x7000-0x7fff]
2025-09-22T19:45:12.840513+05:30 localhost kernel: [    T1] pci_bus 0000:07: resource 1 [mem 0xfdc00000-0xfddfffff]
2025-09-22T19:45:12.840515+05:30 localhost kernel: [    T1] pci_bus 0000:07: resource 2 [mem 0xe0e00000000-0xe0fffffffff 64bit pref]
2025-09-22T19:45:12.840516+05:30 localhost kernel: [    T1] pci_bus 0000:08: resource 0 [io  0x8000-0x8fff]
2025-09-22T19:45:12.840516+05:30 localhost kernel: [    T1] pci_bus 0000:08: resource 1 [mem 0xfda00000-0xfdbfffff]
2025-09-22T19:45:12.840517+05:30 localhost kernel: [    T1] pci_bus 0000:08: resource 2 [mem 0xe0c00000000-0xe0dffffffff 64bit pref]
2025-09-22T19:45:12.840517+05:30 localhost kernel: [    T1] pci_bus 0000:09: resource 0 [io  0x9000-0x9fff]
2025-09-22T19:45:12.840518+05:30 localhost kernel: [    T1] pci_bus 0000:09: resource 1 [mem 0xfd800000-0xfd9fffff]
2025-09-22T19:45:12.840518+05:30 localhost kernel: [    T1] pci_bus 0000:09: resource 2 [mem 0xe0a00000000-0xe0bffffffff 64bit pref]
2025-09-22T19:45:12.840520+05:30 localhost kernel: [    T1] pci_bus 0000:0a: resource 0 [io  0xa000-0xafff]
2025-09-22T19:45:12.840521+05:30 localhost kernel: [    T1] pci_bus 0000:0a: resource 1 [mem 0xfd600000-0xfd7fffff]
2025-09-22T19:45:12.840522+05:30 localhost kernel: [    T1] pci_bus 0000:0a: resource 2 [mem 0xe0800000000-0xe09ffffffff 64bit pref]
2025-09-22T19:45:12.840522+05:30 localhost kernel: [    T1] pci_bus 0000:0b: resource 0 [io  0xb000-0xbfff]
2025-09-22T19:45:12.840523+05:30 localhost kernel: [    T1] pci_bus 0000:0b: resource 1 [mem 0xfd400000-0xfd5fffff]
2025-09-22T19:45:12.840523+05:30 localhost kernel: [    T1] pci_bus 0000:0b: resource 2 [mem 0xe0600000000-0xe07ffffffff 64bit pref]
2025-09-22T19:45:12.840525+05:30 localhost kernel: [    T1] pci_bus 0000:0c: resource 0 [io  0xd000-0xdfff]
2025-09-22T19:45:12.840526+05:30 localhost kernel: [    T1] pci_bus 0000:0c: resource 1 [mem 0xfd200000-0xfd3fffff]
2025-09-22T19:45:12.840526+05:30 localhost kernel: [    T1] pci_bus 0000:0c: resource 2 [mem 0xe0400000000-0xe05ffffffff 64bit pref]
2025-09-22T19:45:12.840527+05:30 localhost kernel: [    T1] pci_bus 0000:0d: resource 0 [io  0xe000-0xefff]
2025-09-22T19:45:12.840527+05:30 localhost kernel: [    T1] pci_bus 0000:0d: resource 1 [mem 0xfd000000-0xfd1fffff]
2025-09-22T19:45:12.840528+05:30 localhost kernel: [    T1] pci_bus 0000:0d: resource 2 [mem 0xe0200000000-0xe03ffffffff 64bit pref]
2025-09-22T19:45:12.840528+05:30 localhost kernel: [    T1] pci_bus 0000:0e: resource 0 [io  0xf000-0xffff]
2025-09-22T19:45:12.840531+05:30 localhost kernel: [    T1] pci_bus 0000:0e: resource 1 [mem 0xfce00000-0xfcffffff]
2025-09-22T19:45:12.840531+05:30 localhost kernel: [    T1] pci_bus 0000:0e: resource 2 [mem 0xe0000000000-0xe01ffffffff 64bit pref]
2025-09-22T19:45:12.840532+05:30 localhost kernel: [    T1] ACPI: \_SB_.GSIG: Enabled at IRQ 22
2025-09-22T19:45:12.840532+05:30 localhost kernel: [    T1] PCI: CLS 0 bytes, default 64
2025-09-22T19:45:12.840533+05:30 localhost kernel: [    T1] PCI-DMA: Using software bounce buffering for IO (SWIOTLB)
2025-09-22T19:45:12.840534+05:30 localhost kernel: [    T1] software IO TLB: mapped [mem 0x000000007bfdc000-0x000000007ffdc000] (64MB)
2025-09-22T19:45:12.840536+05:30 localhost kernel: [   T28] Trying to unpack rootfs image as initramfs...
2025-09-22T19:45:12.840536+05:30 localhost kernel: [    T1] Initialise system trusted keyrings
2025-09-22T19:45:12.840537+05:30 localhost kernel: [    T1] Key type blacklist registered
2025-09-22T19:45:12.840537+05:30 localhost kernel: [    T1] workingset: timestamp_bits=36 max_order=20 bucket_order=0
2025-09-22T19:45:12.840538+05:30 localhost kernel: [    T1] integrity: Platform Keyring initialized
2025-09-22T19:45:12.840538+05:30 localhost kernel: [    T1] integrity: Machine keyring initialized
2025-09-22T19:45:12.840541+05:30 localhost kernel: [    T1] Key type asymmetric registered
2025-09-22T19:45:12.840541+05:30 localhost kernel: [    T1] Asymmetric key parser 'x509' registered
2025-09-22T19:45:12.840542+05:30 localhost kernel: [   T28] Freeing initrd memory: 30300K
2025-09-22T19:45:12.840542+05:30 localhost kernel: [    T1] Block layer SCSI generic (bsg) driver version 0.4 loaded (major 246)
2025-09-22T19:45:12.840543+05:30 localhost kernel: [    T1] io scheduler mq-deadline registered
2025-09-22T19:45:12.840543+05:30 localhost kernel: [    T1] io scheduler kyber registered
2025-09-22T19:45:12.840544+05:30 localhost kernel: [    T1] io scheduler bfq registered
2025-09-22T19:45:12.840546+05:30 localhost kernel: [    T1] ledtrig-cpu: registered to indicate activity on CPUs
2025-09-22T19:45:12.840585+05:30 localhost kernel: [    T1] pcieport 0000:00:02.0: PME: Signaling with IRQ 24
2025-09-22T19:45:12.840585+05:30 localhost kernel: [    T1] pcieport 0000:00:02.0: AER: enabled with IRQ 24
2025-09-22T19:45:12.840586+05:30 localhost kernel: [    T1] pcieport 0000:00:02.1: PME: Signaling with IRQ 25
2025-09-22T19:45:12.840586+05:30 localhost kernel: [    T1] pcieport 0000:00:02.1: AER: enabled with IRQ 25
2025-09-22T19:45:12.840587+05:30 localhost kernel: [    T1] pcieport 0000:00:02.2: PME: Signaling with IRQ 26
2025-09-22T19:45:12.840589+05:30 localhost kernel: [    T1] pcieport 0000:00:02.2: AER: enabled with IRQ 26
2025-09-22T19:45:12.840590+05:30 localhost kernel: [    T1] pcieport 0000:00:02.3: PME: Signaling with IRQ 27
2025-09-22T19:45:12.840590+05:30 localhost kernel: [    T1] pcieport 0000:00:02.3: AER: enabled with IRQ 27
2025-09-22T19:45:12.840591+05:30 localhost kernel: [    T1] pcieport 0000:00:02.4: PME: Signaling with IRQ 28
2025-09-22T19:45:12.840591+05:30 localhost kernel: [    T1] pcieport 0000:00:02.4: AER: enabled with IRQ 28
2025-09-22T19:45:12.840592+05:30 localhost kernel: [    T1] pcieport 0000:00:02.5: PME: Signaling with IRQ 29
2025-09-22T19:45:12.840592+05:30 localhost kernel: [    T1] pcieport 0000:00:02.5: AER: enabled with IRQ 29
2025-09-22T19:45:12.840596+05:30 localhost kernel: [    T1] pcieport 0000:00:02.6: PME: Signaling with IRQ 30
2025-09-22T19:45:12.840596+05:30 localhost kernel: [    T1] pcieport 0000:00:02.6: AER: enabled with IRQ 30
2025-09-22T19:45:12.840597+05:30 localhost kernel: [    T1] pcieport 0000:00:02.7: PME: Signaling with IRQ 31
2025-09-22T19:45:12.840597+05:30 localhost kernel: [    T1] pcieport 0000:00:02.7: AER: enabled with IRQ 31
2025-09-22T19:45:12.840598+05:30 localhost kernel: [    T1] ACPI: \_SB_.GSIH: Enabled at IRQ 23
2025-09-22T19:45:12.840598+05:30 localhost kernel: [    T1] pcieport 0000:00:03.0: PME: Signaling with IRQ 32
2025-09-22T19:45:12.840601+05:30 localhost kernel: [    T1] pcieport 0000:00:03.0: AER: enabled with IRQ 32
2025-09-22T19:45:12.840601+05:30 localhost kernel: [    T1] pcieport 0000:00:03.1: PME: Signaling with IRQ 33
2025-09-22T19:45:12.840602+05:30 localhost kernel: [    T1] pcieport 0000:00:03.1: AER: enabled with IRQ 33
2025-09-22T19:45:12.840602+05:30 localhost kernel: [    T1] pcieport 0000:00:03.2: PME: Signaling with IRQ 34
2025-09-22T19:45:12.840603+05:30 localhost kernel: [    T1] pcieport 0000:00:03.2: AER: enabled with IRQ 34
2025-09-22T19:45:12.840603+05:30 localhost kernel: [    T1] pcieport 0000:00:03.3: PME: Signaling with IRQ 35
2025-09-22T19:45:12.840605+05:30 localhost kernel: [    T1] pcieport 0000:00:03.3: AER: enabled with IRQ 35
2025-09-22T19:45:12.840606+05:30 localhost kernel: [    T1] pcieport 0000:00:03.4: PME: Signaling with IRQ 36
2025-09-22T19:45:12.840607+05:30 localhost kernel: [    T1] pcieport 0000:00:03.4: AER: enabled with IRQ 36
2025-09-22T19:45:12.840607+05:30 localhost kernel: [    T1] pcieport 0000:00:03.5: PME: Signaling with IRQ 37
2025-09-22T19:45:12.840608+05:30 localhost kernel: [    T1] pcieport 0000:00:03.5: AER: enabled with IRQ 37
2025-09-22T19:45:12.840608+05:30 localhost kernel: [    T1] ACPI: \_SB_.GSIF: Enabled at IRQ 21
2025-09-22T19:45:12.840609+05:30 localhost kernel: [    T1] Serial: 8250/16550 driver, 32 ports, IRQ sharing enabled
2025-09-22T19:45:12.840611+05:30 localhost kernel: [    T1] 00:00: ttyS0 at I/O 0x3f8 (irq = 4, base_baud = 115200) is a 16550A
2025-09-22T19:45:12.840611+05:30 localhost kernel: [    T1] Non-volatile memory driver v1.3
2025-09-22T19:45:12.840612+05:30 localhost kernel: [    T1] Linux agpgart interface v0.103
2025-09-22T19:45:12.840612+05:30 localhost kernel: [    T1] ACPI: bus type drm_connector registered
2025-09-22T19:45:12.840613+05:30 localhost kernel: [    T1] i8042: PNP: PS/2 Controller [PNP0303:KBD,PNP0f13:MOU] at 0x60,0x64 irq 1,12
2025-09-22T19:45:12.840613+05:30 localhost kernel: [    T1] serio: i8042 KBD port at 0x60,0x64 irq 1
2025-09-22T19:45:12.840616+05:30 localhost kernel: [    T1] serio: i8042 AUX port at 0x60,0x64 irq 12
2025-09-22T19:45:12.840616+05:30 localhost kernel: [    T1] mousedev: PS/2 mouse device common for all mice
2025-09-22T19:45:12.840617+05:30 localhost kernel: [    T1] rtc_cmos 00:03: RTC can wake from S4
2025-09-22T19:45:12.840617+05:30 localhost kernel: [   T49] input: AT Translated Set 2 keyboard as /devices/platform/i8042/serio0/input/input0
2025-09-22T19:45:12.840618+05:30 localhost kernel: [    T1] rtc_cmos 00:03: registered as rtc0
2025-09-22T19:45:12.840618+05:30 localhost kernel: [    T1] rtc_cmos 00:03: setting system clock to 2025-09-22T14:15:06 UTC (1758550506)
2025-09-22T19:45:12.840619+05:30 localhost kernel: [    T1] rtc_cmos 00:03: alarms up to one day, y3k, 242 bytes nvram
2025-09-22T19:45:12.840621+05:30 localhost kernel: [    T1] amd_pstate: The CPPC feature is supported but currently disabled by the BIOS.
2025-09-22T19:45:12.840622+05:30 localhost kernel: [    T1] Please enable it if your BIOS has the CPPC option.
2025-09-22T19:45:12.840622+05:30 localhost kernel: [    T1] amd_pstate: the _CPC object is not present in SBIOS or ACPI disabled
2025-09-22T19:45:12.840623+05:30 localhost kernel: [    T1] simple-framebuffer simple-framebuffer.0: [drm] Registered 1 planes with drm panic
2025-09-22T19:45:12.840623+05:30 localhost kernel: [    T1] [drm] Initialized simpledrm 1.0.0 for simple-framebuffer.0 on minor 0
2025-09-22T19:45:12.840624+05:30 localhost kernel: [    T1] fbcon: Deferring console take-over
2025-09-22T19:45:12.840626+05:30 localhost kernel: [    T1] simple-framebuffer simple-framebuffer.0: [drm] fb0: simpledrmdrmfb frame buffer device
2025-09-22T19:45:12.840627+05:30 localhost kernel: [    T1] hid: raw HID events driver (C) Jiri Kosina
2025-09-22T19:45:12.840627+05:30 localhost kernel: [    T1] drop_monitor: Initializing network drop monitor service
2025-09-22T19:45:12.840628+05:30 localhost kernel: [    T1] NET: Registered PF_INET6 protocol family
2025-09-22T19:45:12.840628+05:30 localhost kernel: [    T1] Segment Routing with IPv6
2025-09-22T19:45:12.840629+05:30 localhost kernel: [    T1] RPL Segment Routing with IPv6
2025-09-22T19:45:12.840631+05:30 localhost kernel: [    T1] In-situ OAM (IOAM) with IPv6
2025-09-22T19:45:12.840632+05:30 localhost kernel: [    T1] IPI shorthand broadcast: enabled
2025-09-22T19:45:12.840632+05:30 localhost kernel: [    T1] sched_clock: Marking stable (856004726, 1396765)->(890861554, -33460063)
2025-09-22T19:45:12.840633+05:30 localhost kernel: [    T1] registered taskstats version 1
2025-09-22T19:45:12.840633+05:30 localhost kernel: [    T1] Loading compiled-in X.509 certificates
2025-09-22T19:45:12.840634+05:30 localhost kernel: [    T1] Loaded X.509 cert 'openSUSE Secure Boot Signkey: da89dc82efa50f451409029d285397e520ec4a61'
2025-09-22T19:45:12.840634+05:30 localhost kernel: [    T1] Demotion targets for Node 0: null
2025-09-22T19:45:12.840636+05:30 localhost kernel: [    T1] page_owner is disabled
2025-09-22T19:45:12.840637+05:30 localhost kernel: [    T1] Key type .fscrypt registered
2025-09-22T19:45:12.840637+05:30 localhost kernel: [    T1] Key type fscrypt-provisioning registered
2025-09-22T19:45:12.840638+05:30 localhost kernel: [    T1] Key type big_key registered
2025-09-22T19:45:12.840638+05:30 localhost kernel: [    T1] Key type encrypted registered
2025-09-22T19:45:12.840639+05:30 localhost kernel: [    T1] ima: No TPM chip found, activating TPM-bypass!
2025-09-22T19:45:12.840641+05:30 localhost kernel: [    T1] Loading compiled-in module X.509 certificates
2025-09-22T19:45:12.840642+05:30 localhost kernel: [    T1] Loaded X.509 cert 'openSUSE Secure Boot Signkey: da89dc82efa50f451409029d285397e520ec4a61'
2025-09-22T19:45:12.840642+05:30 localhost kernel: [    T1] ima: Allocated hash algorithm: sha256
2025-09-22T19:45:12.840643+05:30 localhost kernel: [    T1] ima: No architecture policies found
2025-09-22T19:45:12.840643+05:30 localhost kernel: [    T1] evm: Initialising EVM extended attributes:
2025-09-22T19:45:12.840644+05:30 localhost kernel: [    T1] evm: security.selinux
2025-09-22T19:45:12.840644+05:30 localhost kernel: [    T1] evm: security.SMACK64 (disabled)
2025-09-22T19:45:12.840647+05:30 localhost kernel: [    T1] evm: security.SMACK64EXEC (disabled)
2025-09-22T19:45:12.840647+05:30 localhost kernel: [    T1] evm: security.SMACK64TRANSMUTE (disabled)
2025-09-22T19:45:12.840648+05:30 localhost kernel: [    T1] evm: security.SMACK64MMAP (disabled)
2025-09-22T19:45:12.840648+05:30 localhost kernel: [    T1] evm: security.apparmor
2025-09-22T19:45:12.840649+05:30 localhost kernel: [    T1] evm: security.ima
2025-09-22T19:45:12.840649+05:30 localhost kernel: [    T1] evm: security.capability
2025-09-22T19:45:12.840651+05:30 localhost kernel: [    T1] evm: HMAC attrs: 0x1
2025-09-22T19:45:12.840652+05:30 localhost kernel: [    T1] PM:   Magic number: 9:875:283
2025-09-22T19:45:12.840653+05:30 localhost kernel: [    T1] RAS: Correctable Errors collector initialized.
2025-09-22T19:45:12.840653+05:30 localhost kernel: [    T1] clk: Disabling unused clocks
2025-09-22T19:45:12.840654+05:30 localhost kernel: [    T1] PM: genpd: Disabling unused power domains
2025-09-22T19:45:12.840654+05:30 localhost kernel: [    T1] Freeing unused decrypted memory: 2028K
2025-09-22T19:45:12.840656+05:30 localhost kernel: [    T1] Freeing unused kernel image (initmem) memory: 4584K
2025-09-22T19:45:12.840657+05:30 localhost kernel: [    T1] Write protecting the kernel read-only data: 32768k
2025-09-22T19:45:12.840657+05:30 localhost kernel: [    T1] Freeing unused kernel image (text/rodata gap) memory: 1516K
2025-09-22T19:45:12.840658+05:30 localhost kernel: [    T1] Freeing unused kernel image (rodata/data gap) memory: 108K
2025-09-22T19:45:12.840659+05:30 localhost kernel: [    T1] x86/mm: Checked W+X mappings: passed, no W+X pages found.
2025-09-22T19:45:12.840659+05:30 localhost kernel: [    T1] Run /init as init process
2025-09-22T19:45:12.840660+05:30 localhost kernel: [    T1]   with arguments:
2025-09-22T19:45:12.840662+05:30 localhost kernel: [    T1]     /init
2025-09-22T19:45:12.840662+05:30 localhost kernel: [    T1]   with environment:
2025-09-22T19:45:12.840663+05:30 localhost kernel: [    T1]     HOME=/
2025-09-22T19:45:12.840663+05:30 localhost kernel: [    T1]     TERM=linux
2025-09-22T19:45:12.840664+05:30 localhost kernel: [    T1]     BOOT_IMAGE=/boot/vmlinuz-6.16.3-1-default
2025-09-22T19:45:12.840664+05:30 localhost kernel: [    T1]     splash=silent
2025-09-22T19:45:12.840705+05:30 localhost kernel: [  T214] i2c_dev: i2c /dev entries driver
2025-09-22T19:45:12.840706+05:30 localhost kernel: [  T336] raid6: avx2x4   gen() 37423 MB/s
2025-09-22T19:45:12.840707+05:30 localhost kernel: [  T336] raid6: avx2x2   gen() 39587 MB/s
2025-09-22T19:45:12.840707+05:30 localhost kernel: [  T336] raid6: avx2x1   gen() 31998 MB/s
2025-09-22T19:45:12.840708+05:30 localhost kernel: [  T336] raid6: using algorithm avx2x2 gen() 39587 MB/s
2025-09-22T19:45:12.840708+05:30 localhost kernel: [  T336] raid6: .... xor() 23139 MB/s, rmw enabled
2025-09-22T19:45:12.840709+05:30 localhost kernel: [  T336] raid6: using avx2x2 recovery algorithm
2025-09-22T19:45:12.840711+05:30 localhost kernel: [  T336] xor: automatically using best checksumming function   avx       
2025-09-22T19:45:12.840712+05:30 localhost kernel: [   T49] input: ImExPS/2 Generic Explorer Mouse as /devices/platform/i8042/serio1/input/input2
2025-09-22T19:45:12.840712+05:30 localhost kernel: [  T336] Btrfs loaded, assert=on, zoned=yes, fsverity=yes
2025-09-22T19:45:12.840713+05:30 localhost kernel: [  T366] [drm] pci: virtio-vga detected at 0000:00:01.0
2025-09-22T19:45:12.840713+05:30 localhost kernel: [  T360] virtio_blk virtio3: 2/0/0 default/read/poll queues
2025-09-22T19:45:12.840714+05:30 localhost kernel: [  T360] virtio_blk virtio3: [vda] 104857600 512-byte logical blocks (53.7 GB/50.0 GiB)
2025-09-22T19:45:12.840716+05:30 localhost kernel: [  T366] virtio-pci 0000:00:01.0: vgaarb: deactivate vga console
2025-09-22T19:45:12.840717+05:30 localhost kernel: [  T366] [drm] features: -virgl +edid -resource_blob -host_visible
2025-09-22T19:45:12.840717+05:30 localhost kernel: [  T366] [drm] features: -context_init
2025-09-22T19:45:12.840718+05:30 localhost kernel: [  T366] [drm] number of scanouts: 1
2025-09-22T19:45:12.840718+05:30 localhost kernel: [  T366] [drm] number of cap sets: 0
2025-09-22T19:45:12.840719+05:30 localhost kernel: [  T366] virtio-pci 0000:00:01.0: [drm] Registered 1 planes with drm panic
2025-09-22T19:45:12.840721+05:30 localhost kernel: [  T366] [drm] Initialized virtio_gpu 0.1.0 for 0000:00:01.0 on minor 1
2025-09-22T19:45:12.840722+05:30 localhost kernel: [  T366] fbcon: virtio_gpudrmfb (fb0) is primary device
2025-09-22T19:45:12.840722+05:30 localhost kernel: [  T366] fbcon: Deferring console take-over
2025-09-22T19:45:12.840723+05:30 localhost kernel: [  T366] virtio-pci 0000:00:01.0: [drm] fb0: virtio_gpudrmfb frame buffer device
2025-09-22T19:45:12.840723+05:30 localhost kernel: [  T372] ACPI: bus type USB registered
2025-09-22T19:45:12.840724+05:30 localhost kernel: [  T372] usbcore: registered new interface driver usbfs
2025-09-22T19:45:12.840724+05:30 localhost kernel: [  T372] usbcore: registered new interface driver hub
2025-09-22T19:45:12.840726+05:30 localhost kernel: [  T372] usbcore: registered new device driver usb
2025-09-22T19:45:12.840727+05:30 localhost kernel: [  T363] SCSI subsystem initialized
2025-09-22T19:45:12.840728+05:30 localhost kernel: [  T363] alua: device handler registered
2025-09-22T19:45:12.840728+05:30 localhost kernel: [  T363] rdac: device handler registered
2025-09-22T19:45:12.840729+05:30 localhost kernel: [  T360]  vda: vda1 vda2 vda3
2025-09-22T19:45:12.840729+05:30 localhost kernel: [  T363] emc: device handler registered
2025-09-22T19:45:12.840731+05:30 localhost kernel: [  T372] xhci_hcd 0000:02:00.0: xHCI Host Controller
2025-09-22T19:45:12.840732+05:30 localhost kernel: [  T372] xhci_hcd 0000:02:00.0: new USB bus registered, assigned bus number 1
2025-09-22T19:45:12.840743+05:30 localhost kernel: [  T372] xhci_hcd 0000:02:00.0: hcc params 0x00087001 hci version 0x100 quirks 0x0000000000000010
2025-09-22T19:45:12.840743+05:30 localhost kernel: [  T372] xhci_hcd 0000:02:00.0: xHCI Host Controller
2025-09-22T19:45:12.833448+05:30 localhost systemd[1]: /usr/lib/systemd/system/auditd.service:29: PIDFile= references a path below legacy directory /var/run/, updating /var/run/auditd.pid  /run/auditd.pid; please update the unit file accordingly.
2025-09-22T19:45:12.842803+05:30 localhost systemd[1]: Queued start job for default target Graphical Interface.
2025-09-22T19:45:12.842831+05:30 localhost systemd[1]: systemd-journald.service: Deactivated successfully.
2025-09-22T19:45:12.842834+05:30 localhost systemd[1]: Mounted FUSE Control File System.
2025-09-22T19:45:12.842836+05:30 localhost systemd[1]: Finished Apply Kernel Variables for 6.16.3-1-default.
2025-09-22T19:45:12.842838+05:30 localhost systemd[1]: Finished Load udev Rules from Credentials.
2025-09-22T19:45:12.842840+05:30 localhost systemd[1]: Starting Apply Kernel Variables...
2025-09-22T19:45:12.842843+05:30 localhost systemd[1]: Finished Apply Kernel Variables.
2025-09-22T19:45:12.842847+05:30 localhost systemd[1]: Finished Create Static Device Nodes in /dev gracefully.
2025-09-22T19:45:12.842850+05:30 localhost systemd[1]: Create System Users was skipped because no trigger condition checks were met.
2025-09-22T19:45:12.842853+05:30 localhost systemd[1]: Starting Create Static Device Nodes in /dev...
2025-09-22T19:45:12.842855+05:30 localhost systemd[1]: Finished Coldplug All udev Devices.
2025-09-22T19:45:12.842859+05:30 localhost systemd[1]: Finished Create Static Device Nodes in /dev.
2025-09-22T19:45:12.842861+05:30 localhost systemd[1]: Reached target Preparation for Local File Systems.
2025-09-22T19:45:12.842866+05:30 localhost systemd[1]: Starting Rule-based Manager for Device Events and Files...
2025-09-22T19:45:12.842869+05:30 localhost systemd-udevd[592]: Using default interface naming scheme 'v257'.
2025-09-22T19:45:12.842871+05:30 localhost systemd[1]: Started Rule-based Manager for Device Events and Files.
2025-09-22T19:45:12.842873+05:30 localhost systemd[1]: Starting Load Kernel Module configfs...
2025-09-22T19:45:12.842875+05:30 localhost systemd[1]: modprobe@configfs.service: Deactivated successfully.
2025-09-22T19:45:12.842878+05:30 localhost systemd[1]: Finished Load Kernel Module configfs.
2025-09-22T19:45:12.842880+05:30 localhost systemd[1]: Condition check resulted in /dev/disk/by-uuid/c4267498-efd9-40bf-9ee1-7dc6b6867a8b being skipped.
2025-09-22T19:45:12.842883+05:30 localhost systemd[1]: Activating swap /dev/disk/by-uuid/c4267498-efd9-40bf-9ee1-7dc6b6867a8b...
2025-09-22T19:45:12.842885+05:30 localhost systemd[1]: Found device /dev/disk/by-uuid/ed93da69-6810-4047-b418-d8501c7b41fb.
2025-09-22T19:45:12.842887+05:30 localhost systemd[1]: Activated swap /dev/disk/by-uuid/c4267498-efd9-40bf-9ee1-7dc6b6867a8b.
2025-09-22T19:45:12.842889+05:30 localhost systemd[1]: Reached target Swaps.
2025-09-22T19:45:12.842891+05:30 localhost mtp-probe: checking bus 1, device 2: "/sys/devices/pci0000:00/0000:00:02.1/0000:02:00.0/usb1/1-1"
2025-09-22T19:45:12.842894+05:30 localhost mtp-probe: bus: 1, device: 2 was not an MTP device
2025-09-22T19:45:12.842896+05:30 localhost systemd[1]: Starting Load Kernel Module dm_mod...
2025-09-22T19:45:12.842899+05:30 localhost systemd[1]: Starting Load Kernel Module efi_pstore...
2025-09-22T19:45:12.842900+05:30 localhost systemd[1]: Starting Load Kernel Module loop...
2025-09-22T19:45:12.842902+05:30 localhost systemd[1]: plymouth-start.service: Found left-over process 379 (plymouthd) in control group while starting unit. Ignoring.
2025-09-22T19:45:12.842904+05:30 localhost systemd[1]: plymouth-start.service: This usually indicates unclean termination of a previous run, or service implementation deficiencies.
2025-09-22T19:45:12.842908+05:30 localhost systemd[1]: Starting Show Plymouth Boot Screen...
2025-09-22T19:45:12.842910+05:30 localhost systemd[1]: Clear Stale Hibernate Storage Info was skipped because of an unmet condition check (ConditionPathExists=/sys/firmware/efi/efivars/HibernateLocation-8cf2644b-4b0b-428f-9387-6d876050dc67).
2025-09-22T19:45:12.842912+05:30 localhost systemd[1]: Rebuild Hardware Database was skipped because of an unmet condition check (ConditionNeedsUpdate=/etc).
2025-09-22T19:45:12.842914+05:30 localhost systemd[1]: Create System Users was skipped because no trigger condition checks were met.
2025-09-22T19:45:12.842916+05:30 localhost systemd[1]: modprobe@dm_mod.service: Deactivated successfully.
2025-09-22T19:45:12.842927+05:30 localhost systemd[1]: Finished Load Kernel Module dm_mod.
2025-09-22T19:45:12.842931+05:30 localhost systemd[1]: modprobe@loop.service: Deactivated successfully.
2025-09-22T19:45:12.842933+05:30 localhost systemd[1]: Finished Load Kernel Module loop.
2025-09-22T19:45:12.842935+05:30 localhost systemd[1]: Condition check resulted in /dev/virtio-ports/org.qemu.guest_agent.0 being skipped.
2025-09-22T19:45:12.842937+05:30 localhost systemd[1]: modprobe@efi_pstore.service: Deactivated successfully.
2025-09-22T19:45:12.842939+05:30 localhost systemd[1]: Finished Load Kernel Module efi_pstore.
2025-09-22T19:45:12.842941+05:30 localhost plymouthd[664]: 00:00:04.656 ply-utils.c:932:ply_get_kernel_command_line                   : opening /proc/cmdline
2025-09-22T19:45:12.842944+05:30 localhost plymouthd[664]: 00:00:04.656 ply-utils.c:940:ply_get_kernel_command_line                   : reading kernel command line
2025-09-22T19:45:12.842946+05:30 localhost plymouthd[664]: 00:00:04.656 ply-utils.c:959:ply_get_kernel_command_line                   : Kernel command line is: 'BOOT_IMAGE=/boot/vmlinuz-6.16.3-1-default root=UUID=ed93da69-6810-4047-b418-d8501c7b41fb splash=silent mitigations=auto quiet security=selinux selinux=1
2025-09-22T19:45:12.842948+05:30 localhost plymouthd[664]: '
2025-09-22T19:45:12.842950+05:30 localhost plymouthd[664]: 00:00:04.656 main.c:1938:check_logging                                     : checking if console messages should be redirected and logged
2025-09-22T19:45:12.842951+05:30 localhost plymouthd[664]: 00:00:04.656 main.c:1947:check_logging                                     : logging will be enabled!
2025-09-22T19:45:12.842955+05:30 localhost plymouthd[664]: 00:00:04.657 main.c:2017:initialize_environment                            : source built on Dec  4 2024
2025-09-22T19:45:12.842957+05:30 localhost systemd[1]: Starting Load Kernel Module dm_mod...
2025-09-22T19:45:12.842959+05:30 localhost systemd[1]: Starting Load Kernel Module efi_pstore...
2025-09-22T19:45:12.842961+05:30 localhost systemd[1]: Starting Load Kernel Module loop...
2025-09-22T19:45:12.842962+05:30 localhost systemd[1]: Clear Stale Hibernate Storage Info was skipped because of an unmet condition check (ConditionPathExists=/sys/firmware/efi/efivars/HibernateLocation-8cf2644b-4b0b-428f-9387-6d876050dc67).
2025-09-22T19:45:12.842965+05:30 localhost systemd[1]: Rebuild Hardware Database was skipped because of an unmet condition check (ConditionNeedsUpdate=/etc).
2025-09-22T19:45:12.842968+05:30 localhost systemd[1]: Create System Users was skipped because no trigger condition checks were met.
2025-09-22T19:45:12.842970+05:30 localhost systemd[1]: systemd-vconsole-setup.service: Deactivated successfully.
2025-09-22T19:45:12.842972+05:30 localhost systemd[1]: Stopped Virtual Console Setup.
2025-09-22T19:45:12.842974+05:30 localhost systemd[1]: Stopping Virtual Console Setup...
2025-09-22T19:45:12.842976+05:30 localhost systemd[1]: Starting Virtual Console Setup...
2025-09-22T19:45:12.842978+05:30 localhost systemd[1]: Started Show Plymouth Boot Screen.
2025-09-22T19:45:12.842981+05:30 localhost systemd[1]: modprobe@dm_mod.service: Deactivated successfully.
2025-09-22T19:45:12.842982+05:30 localhost systemd[1]: Finished Load Kernel Module dm_mod.
2025-09-22T19:45:12.842984+05:30 localhost systemd[1]: modprobe@efi_pstore.service: Deactivated successfully.
2025-09-22T19:45:12.842986+05:30 localhost systemd[1]: Finished Load Kernel Module efi_pstore.
2025-09-22T19:45:12.842988+05:30 localhost systemd[1]: Dispatch Password Requests to Console Directory Watch was skipped because of an unmet condition check (ConditionPathExists=!/run/plymouth/pid).
2025-09-22T19:45:12.842990+05:30 localhost systemd[1]: modprobe@loop.service: Deactivated successfully.
2025-09-22T19:45:12.842993+05:30 localhost systemd[1]: Finished Load Kernel Module loop.
2025-09-22T19:45:12.842994+05:30 localhost systemd[1]: Repartition Root Disk was skipped because no trigger condition checks were met.
2025-09-22T19:45:12.842996+05:30 localhost systemd-vconsole-setup[676]: All allocated VCs are currently busy, skipping initialization of font and keyboard settings.
2025-09-22T19:45:12.842999+05:30 localhost systemd[1]: Finished Virtual Console Setup.
2025-09-22T19:45:12.843000+05:30 localhost (udev-worker)[594]: controlC0: Process '/usr/sbin/alsactl restore 0' failed with exit code 13.
2025-09-22T19:45:12.843003+05:30 localhost systemd[1]: Dispatch Password Requests to Console Directory Watch was skipped because of an unmet condition check (ConditionPathExists=!/run/plymouth/pid).
2025-09-22T19:45:12.843006+05:30 localhost systemd[1]: Starting Load Kernel Module dm_mod...
2025-09-22T19:45:12.843008+05:30 localhost systemd[1]: Starting Load Kernel Module efi_pstore...
2025-09-22T19:45:12.843010+05:30 localhost systemd[1]: Starting Load Kernel Module loop...
2025-09-22T19:45:12.843011+05:30 localhost systemd[1]: Clear Stale Hibernate Storage Info was skipped because of an unmet condition check (ConditionPathExists=/sys/firmware/efi/efivars/HibernateLocation-8cf2644b-4b0b-428f-9387-6d876050dc67).
2025-09-22T19:45:12.843013+05:30 localhost systemd[1]: Rebuild Hardware Database was skipped because of an unmet condition check (ConditionNeedsUpdate=/etc).
2025-09-22T19:45:12.843017+05:30 localhost systemd[1]: Create System Users was skipped because no trigger condition checks were met.
2025-09-22T19:45:12.843019+05:30 localhost systemd[1]: modprobe@efi_pstore.service: Deactivated successfully.
2025-09-22T19:45:12.843021+05:30 localhost systemd[1]: Finished Load Kernel Module efi_pstore.
2025-09-22T19:45:12.843023+05:30 localhost systemd[1]: modprobe@dm_mod.service: Deactivated successfully.
2025-09-22T19:45:12.843025+05:30 localhost systemd[1]: Finished Load Kernel Module dm_mod.
2025-09-22T19:45:12.843026+05:30 localhost systemd[1]: modprobe@loop.service: Deactivated successfully.
2025-09-22T19:45:12.843029+05:30 localhost systemd[1]: Finished Load Kernel Module loop.
2025-09-22T19:45:12.843031+05:30 localhost systemd[1]: Repartition Root Disk was skipped because no trigger condition checks were met.
2025-09-22T19:45:12.843033+05:30 localhost systemd[1]: Mounting /.snapshots...
2025-09-22T19:45:12.843035+05:30 localhost systemd[1]: Mounting /boot/grub2/i386-pc...
2025-09-22T19:45:12.843037+05:30 localhost systemd[1]: Mounting /boot/grub2/x86_64-efi...
2025-09-22T19:45:12.843039+05:30 localhost systemd[1]: Mounting /home...
2025-09-22T19:45:12.843042+05:30 localhost systemd[1]: Mounting /opt...
2025-09-22T19:45:12.843044+05:30 localhost systemd[1]: root.mount: Directory /root to mount over is not empty, mounting anyway.
2025-09-22T19:45:12.843046+05:30 localhost systemd[1]: Mounting /root...
2025-09-22T19:45:12.843047+05:30 localhost systemd[1]: Mounting /srv...
2025-09-22T19:45:12.843049+05:30 localhost systemd[1]: Mounting Temporary Directory /tmp...
2025-09-22T19:45:12.843051+05:30 localhost systemd[1]: Mounting /usr/local...
2025-09-22T19:45:12.843053+05:30 localhost systemd[1]: Mounting /var...
2025-09-22T19:45:12.843056+05:30 localhost systemd[1]: Mounted /.snapshots.
2025-09-22T19:45:12.843058+05:30 localhost systemd[1]: Mounted /boot/grub2/i386-pc.
2025-09-22T19:45:12.843060+05:30 localhost systemd[1]: Mounted /boot/grub2/x86_64-efi.
2025-09-22T19:45:12.843062+05:30 localhost systemd[1]: Mounted /home.
2025-09-22T19:45:12.843064+05:30 localhost systemd[1]: Mounted /opt.
2025-09-22T19:45:12.843065+05:30 localhost systemd[1]: Mounted /root.
2025-09-22T19:45:12.843068+05:30 localhost systemd[1]: Mounted /srv.
2025-09-22T19:45:12.843070+05:30 localhost systemd[1]: Mounted Temporary Directory /tmp.
2025-09-22T19:45:12.843072+05:30 localhost systemd[1]: Mounted /usr/local.
2025-09-22T19:45:12.843074+05:30 localhost systemd[1]: Mounted /var.
2025-09-22T19:45:12.843076+05:30 localhost systemd[1]: Reached target Local File Systems.
2025-09-22T19:45:12.843077+05:30 localhost systemd[1]: Listening on Boot Entries Service Socket.
2025-09-22T19:45:12.843080+05:30 localhost systemd[1]: Listening on System Extension Image Management.
2025-09-22T19:45:12.843082+05:30 localhost systemd[1]: Starting Early Kernel Boot Messages...
2025-09-22T19:45:12.843084+05:30 localhost systemd[1]: Starting Tell Plymouth To Write Out Runtime Data...
2025-09-22T19:45:12.843086+05:30 localhost systemd[1]: Starting Set Up Additional Binary Formats...
2025-09-22T19:45:12.843087+05:30 localhost systemd[1]: Starting Flush Journal to Persistent Storage...
2025-09-22T19:45:12.843089+05:30 localhost systemd[1]: Platform Persistent Storage Archival was skipped because of an unmet condition check (ConditionDirectoryNotEmpty=/sys/fs/pstore).
2025-09-22T19:45:12.843091+05:30 localhost systemd[1]: Starting Load/Save OS Random Seed...
2025-09-22T19:45:12.843094+05:30 localhost systemd[1]: Received SIGRTMIN+20 from PID 379 (plymouthd).
2025-09-22T19:45:12.843096+05:30 localhost systemd[1]: Finished Tell Plymouth To Write Out Runtime Data.
2025-09-22T19:45:12.843098+05:30 localhost systemd[1]: proc-sys-fs-binfmt_misc.automount: Got automount request for /proc/sys/fs/binfmt_misc, triggered by 760 (systemd-binfmt)
2025-09-22T19:45:12.843100+05:30 localhost systemd[1]: Mounting Arbitrary Executable File Formats File System...
2025-09-22T19:45:12.843102+05:30 localhost systemd[1]: Mounted Arbitrary Executable File Formats File System.
2025-09-22T19:45:12.843104+05:30 localhost systemd[1]: Finished Set Up Additional Binary Formats.
2025-09-22T19:45:12.843106+05:30 localhost systemd[1]: Finished Load/Save OS Random Seed.
2025-09-22T19:45:12.843113+05:30 localhost systemd[1]: Finished Flush Journal to Persistent Storage.
2025-09-22T19:45:12.843114+05:30 localhost kernel: [  T372] xhci_hcd 0000:02:00.0: new USB bus registered, assigned bus number 2
2025-09-22T19:45:12.843121+05:30 localhost kernel: [  T372] xhci_hcd 0000:02:00.0: Host supports USB 3.0 SuperSpeed
2025-09-22T19:45:12.843122+05:30 localhost kernel: [  T372] usb usb1: New USB device found, idVendor=1d6b, idProduct=0002, bcdDevice= 6.16
2025-09-22T19:45:12.843134+05:30 localhost kernel: [  T372] usb usb1: New USB device strings: Mfr=3, Product=2, SerialNumber=1
2025-09-22T19:45:12.843135+05:30 localhost kernel: [  T372] usb usb1: Product: xHCI Host Controller
2025-09-22T19:45:12.843135+05:30 localhost kernel: [  T372] usb usb1: Manufacturer: Linux 6.16.3-1-default xhci-hcd
2025-09-22T19:45:12.843136+05:30 localhost kernel: [  T372] usb usb1: SerialNumber: 0000:02:00.0
2025-09-22T19:45:12.843137+05:30 localhost kernel: [  T372] hub 1-0:1.0: USB hub found
2025-09-22T19:45:12.843137+05:30 localhost kernel: [  T372] hub 1-0:1.0: 15 ports detected
2025-09-22T19:45:12.843139+05:30 localhost kernel: [  T363] libata version 3.00 loaded.
2025-09-22T19:45:12.843140+05:30 localhost kernel: [  T372] usb usb2: We don't know the algorithms for LPM for this host, disabling LPM.
2025-09-22T19:45:12.843141+05:30 localhost kernel: [  T372] usb usb2: New USB device found, idVendor=1d6b, idProduct=0003, bcdDevice= 6.16
2025-09-22T19:45:12.843141+05:30 localhost kernel: [  T372] usb usb2: New USB device strings: Mfr=3, Product=2, SerialNumber=1
2025-09-22T19:45:12.843142+05:30 localhost kernel: [  T372] usb usb2: Product: xHCI Host Controller
2025-09-22T19:45:12.843142+05:30 localhost kernel: [  T372] usb usb2: Manufacturer: Linux 6.16.3-1-default xhci-hcd
2025-09-22T19:45:12.843145+05:30 localhost kernel: [  T372] usb usb2: SerialNumber: 0000:02:00.0
2025-09-22T19:45:12.843145+05:30 localhost kernel: [  T372] hub 2-0:1.0: USB hub found
2025-09-22T19:45:12.843146+05:30 localhost kernel: [  T372] hub 2-0:1.0: 15 ports detected
2025-09-22T19:45:12.843146+05:30 localhost kernel: [  T363] ACPI: \_SB_.GSIA: Enabled at IRQ 16
2025-09-22T19:45:12.843147+05:30 localhost kernel: [  T363] ahci 0000:00:1f.2: AHCI vers 0001.0000, 32 command slots, 1.5 Gbps, SATA mode
2025-09-22T19:45:12.843147+05:30 localhost kernel: [  T363] ahci 0000:00:1f.2: 6/6 ports implemented (port mask 0x3f)
2025-09-22T19:45:12.843148+05:30 localhost kernel: [  T363] ahci 0000:00:1f.2: flags: 64bit ncq only 
2025-09-22T19:45:12.843150+05:30 localhost kernel: [  T363] scsi host0: ahci
2025-09-22T19:45:12.843151+05:30 localhost kernel: [  T363] scsi host1: ahci
2025-09-22T19:45:12.843151+05:30 localhost kernel: [  T363] scsi host2: ahci
2025-09-22T19:45:12.843152+05:30 localhost kernel: [  T363] scsi host3: ahci
2025-09-22T19:45:12.843153+05:30 localhost kernel: [  T363] scsi host4: ahci
2025-09-22T19:45:12.843153+05:30 localhost kernel: [  T363] scsi host5: ahci
2025-09-22T19:45:12.843155+05:30 localhost kernel: [  T363] ata1: SATA max UDMA/133 abar m4096@0xfea23000 port 0xfea23100 irq 51 lpm-pol 1
